Archive member included to satisfy reference by file (symbol)

/usr/lib/gcc/arm-none-eabi/10.3.1/thumb/v6-m/nofp/libgcc.a(_dvmd_tls.o)
                              CMakeFiles/blink.dir/home/tarek/pico-sdk/src/rp2_common/pico_divider/divider.S.obj (__aeabi_idiv0)
/usr/lib/gcc/arm-none-eabi/10.3.1/../../../arm-none-eabi/lib/thumb/v6-m/nofp/libc.a(lib_a-atexit.o)
                              /usr/lib/gcc/arm-none-eabi/10.3.1/../../../arm-none-eabi/lib/thumb/v6-m/nofp/crt0.o (atexit)
/usr/lib/gcc/arm-none-eabi/10.3.1/../../../arm-none-eabi/lib/thumb/v6-m/nofp/libc.a(lib_a-calloc.o)
                              CMakeFiles/blink.dir/home/tarek/pico-sdk/src/rp2_common/pico_malloc/pico_malloc.c.obj (calloc)
/usr/lib/gcc/arm-none-eabi/10.3.1/../../../arm-none-eabi/lib/thumb/v6-m/nofp/libc.a(lib_a-callocr.o)
                              /usr/lib/gcc/arm-none-eabi/10.3.1/../../../arm-none-eabi/lib/thumb/v6-m/nofp/libc.a(lib_a-calloc.o) (_calloc_r)
/usr/lib/gcc/arm-none-eabi/10.3.1/../../../arm-none-eabi/lib/thumb/v6-m/nofp/libc.a(lib_a-fini.o)
                              /usr/lib/gcc/arm-none-eabi/10.3.1/../../../arm-none-eabi/lib/thumb/v6-m/nofp/crt0.o (__libc_fini_array)
/usr/lib/gcc/arm-none-eabi/10.3.1/../../../arm-none-eabi/lib/thumb/v6-m/nofp/libc.a(lib_a-impure.o)
                              /usr/lib/gcc/arm-none-eabi/10.3.1/../../../arm-none-eabi/lib/thumb/v6-m/nofp/libc.a(lib_a-calloc.o) (_impure_ptr)
/usr/lib/gcc/arm-none-eabi/10.3.1/../../../arm-none-eabi/lib/thumb/v6-m/nofp/libc.a(lib_a-init.o)
                              /usr/lib/gcc/arm-none-eabi/10.3.1/../../../arm-none-eabi/lib/thumb/v6-m/nofp/crt0.o (__libc_init_array)
/usr/lib/gcc/arm-none-eabi/10.3.1/../../../arm-none-eabi/lib/thumb/v6-m/nofp/libc.a(lib_a-malloc.o)
                              CMakeFiles/blink.dir/home/tarek/pico-sdk/src/rp2_common/pico_malloc/pico_malloc.c.obj (malloc)
/usr/lib/gcc/arm-none-eabi/10.3.1/../../../arm-none-eabi/lib/thumb/v6-m/nofp/libc.a(lib_a-mallocr.o)
                              /usr/lib/gcc/arm-none-eabi/10.3.1/../../../arm-none-eabi/lib/thumb/v6-m/nofp/libc.a(lib_a-callocr.o) (_malloc_r)
/usr/lib/gcc/arm-none-eabi/10.3.1/../../../arm-none-eabi/lib/thumb/v6-m/nofp/libc.a(lib_a-mlock.o)
                              /usr/lib/gcc/arm-none-eabi/10.3.1/../../../arm-none-eabi/lib/thumb/v6-m/nofp/libc.a(lib_a-mallocr.o) (__malloc_lock)
/usr/lib/gcc/arm-none-eabi/10.3.1/../../../arm-none-eabi/lib/thumb/v6-m/nofp/libc.a(lib_a-realloc.o)
                              CMakeFiles/blink.dir/home/tarek/pico-sdk/src/rp2_common/pico_malloc/pico_malloc.c.obj (realloc)
/usr/lib/gcc/arm-none-eabi/10.3.1/../../../arm-none-eabi/lib/thumb/v6-m/nofp/libc.a(lib_a-reallocr.o)
                              /usr/lib/gcc/arm-none-eabi/10.3.1/../../../arm-none-eabi/lib/thumb/v6-m/nofp/libc.a(lib_a-realloc.o) (_realloc_r)
/usr/lib/gcc/arm-none-eabi/10.3.1/../../../arm-none-eabi/lib/thumb/v6-m/nofp/libc.a(lib_a-sbrkr.o)
                              /usr/lib/gcc/arm-none-eabi/10.3.1/../../../arm-none-eabi/lib/thumb/v6-m/nofp/libc.a(lib_a-mallocr.o) (_sbrk_r)
/usr/lib/gcc/arm-none-eabi/10.3.1/../../../arm-none-eabi/lib/thumb/v6-m/nofp/libc.a(lib_a-strlen-stub.o)
                              CMakeFiles/blink.dir/home/tarek/pico-sdk/src/rp2_common/pico_stdio/stdio.c.obj (strlen)
/usr/lib/gcc/arm-none-eabi/10.3.1/../../../arm-none-eabi/lib/thumb/v6-m/nofp/libc.a(lib_a-__atexit.o)
                              /usr/lib/gcc/arm-none-eabi/10.3.1/../../../arm-none-eabi/lib/thumb/v6-m/nofp/libc.a(lib_a-atexit.o) (__register_exitproc)
/usr/lib/gcc/arm-none-eabi/10.3.1/../../../arm-none-eabi/lib/thumb/v6-m/nofp/libc.a(lib_a-freer.o)
                              /usr/lib/gcc/arm-none-eabi/10.3.1/../../../arm-none-eabi/lib/thumb/v6-m/nofp/libc.a(lib_a-malloc.o) (_free_r)
/usr/lib/gcc/arm-none-eabi/10.3.1/../../../arm-none-eabi/lib/thumb/v6-m/nofp/libc.a(lib_a-memmove.o)
                              /usr/lib/gcc/arm-none-eabi/10.3.1/../../../arm-none-eabi/lib/thumb/v6-m/nofp/libc.a(lib_a-reallocr.o) (memmove)
/usr/lib/gcc/arm-none-eabi/10.3.1/../../../arm-none-eabi/lib/thumb/v6-m/nofp/libc.a(lib_a-reent.o)
                              /usr/lib/gcc/arm-none-eabi/10.3.1/../../../arm-none-eabi/lib/thumb/v6-m/nofp/libc.a(lib_a-sbrkr.o) (errno)

Discarded input sections

 .text          0x0000000000000000        0x0 /usr/lib/gcc/arm-none-eabi/10.3.1/thumb/v6-m/nofp/crti.o
 .data          0x0000000000000000        0x0 /usr/lib/gcc/arm-none-eabi/10.3.1/thumb/v6-m/nofp/crti.o
 .bss           0x0000000000000000        0x0 /usr/lib/gcc/arm-none-eabi/10.3.1/thumb/v6-m/nofp/crti.o
 .data          0x0000000000000000        0x4 /usr/lib/gcc/arm-none-eabi/10.3.1/thumb/v6-m/nofp/crtbegin.o
 .rodata        0x0000000000000000       0x24 /usr/lib/gcc/arm-none-eabi/10.3.1/thumb/v6-m/nofp/crtbegin.o
 .fini_array    0x0000000000000000        0x4 /usr/lib/gcc/arm-none-eabi/10.3.1/thumb/v6-m/nofp/crtbegin.o
[...]
Memory Configuration

Name             Origin             Length             Attributes
FLASH            0x0000000010000000 0x0000000000200000 xr
RAM              0x0000000020000000 0x0000000000040000 xrw
SCRATCH_X        0x0000000020040000 0x0000000000001000 xrw
SCRATCH_Y        0x0000000020041000 0x0000000000001000 xrw
*default*        0x0000000000000000 0xffffffffffffffff

Linker script and memory map

LOAD /usr/lib/gcc/arm-none-eabi/10.3.1/thumb/v6-m/nofp/crti.o
LOAD /usr/lib/gcc/arm-none-eabi/10.3.1/thumb/v6-m/nofp/crtbegin.o
LOAD /usr/lib/gcc/arm-none-eabi/10.3.1/../../../arm-none-eabi/lib/thumb/v6-m/nofp/crt0.o

.flash_begin    0x0000000010000000        0x0
                0x0000000010000000                __flash_binary_start = .

.boot2          0x0000000010000000      0x100
                0x0000000010000000                __boot2_start__ = .
 *(.boot2)
 .boot2         0x0000000010000000      0x100 /tmp/cc6yvWgT.o
                0x0000000010000100                __boot2_end__ = .
                0x0000000000000001                ASSERT (((__boot2_end__ - __boot2_start__) == 0x100), ERROR: Pico second stage bootloader must be 256 bytes in size)

.text           0x0000000010000100     0x81b8
                0x0000000010000100                __logical_binary_start = .
 *(.vectors)
 .vectors       0x0000000010000100       0xd4 CMakeFiles/blink.dir/home/tarek/pico-sdk/src/rp2_common/pico_standard_link/crt0.S.obj
                0x0000000010000100                __vectors
                0x0000000010000100                __VECTOR_TABLE
                0x00000000100001c0                isr_invalid
                0x00000000100001c0                __default_isrs_start
                0x00000000100001c2                isr_nmi
                0x00000000100001c4                isr_hardfault
                0x00000000100001c6                isr_svcall
                0x00000000100001c8                isr_pendsv
                0x00000000100001ca                isr_systick
                0x00000000100001cc                isr_irq30
                0x00000000100001cc                __unhandled_user_irq
                0x00000000100001cc                isr_irq13
                0x00000000100001cc                isr_irq27
                0x00000000100001cc                isr_irq31
                0x00000000100001cc                isr_irq5
                0x00000000100001cc                isr_irq11
                0x00000000100001cc                isr_irq23
                0x00000000100001cc                isr_irq18
                0x00000000100001cc                isr_irq28
                0x00000000100001cc                isr_irq19
                0x00000000100001cc                isr_irq0
                0x00000000100001cc                isr_irq6
                0x00000000100001cc                isr_irq22
                0x00000000100001cc                isr_irq17
                0x00000000100001cc                isr_irq14
                0x00000000100001cc                isr_irq2
                0x00000000100001cc                isr_irq10
                0x00000000100001cc                isr_irq8
                0x00000000100001cc                isr_irq24
                0x00000000100001cc                isr_irq1
                0x00000000100001cc                isr_irq7
                0x00000000100001cc                isr_irq21
                0x00000000100001cc                isr_irq20
                0x00000000100001cc                isr_irq15
                0x00000000100001cc                isr_irq25
                0x00000000100001cc                isr_irq4
                0x00000000100001cc                isr_irq16
                0x00000000100001cc                isr_irq29
                0x00000000100001cc                isr_irq26
                0x00000000100001cc                __default_isrs_end
                0x00000000100001cc                isr_irq3
                0x00000000100001cc                isr_irq12
                0x00000000100001cc                isr_irq9
                0x00000000100001d2                unhandled_user_irq_num_in_r0
 *(.binary_info_header)
 .binary_info_header
                0x00000000100001d4       0x14 CMakeFiles/blink.dir/home/tarek/pico-sdk/src/rp2_common/pico_standard_link/crt0.S.obj
                0x00000000100001e8                __binary_info_header_end = .
 *(.reset)
 .reset         0x00000000100001e8       0xa0 CMakeFiles/blink.dir/home/tarek/pico-sdk/src/rp2_common/pico_standard_link/crt0.S.obj
                0x00000000100001e8                _entry_point
 .reset         0x0000000010000288       0x30 CMakeFiles/blink.dir/home/tarek/pico-sdk/src/rp2_common/pico_standard_link/binary_info.c.obj
 *(.init)
 .init          0x00000000100002b8        0x4 /usr/lib/gcc/arm-none-eabi/10.3.1/thumb/v6-m/nofp/crti.o
                0x00000000100002b8                _init
 *(EXCLUDE_FILE(*libm.a: *libc.a:*lib_a-mem*.o *libgcc.a:) .text*)
 .text          0x00000000100002bc       0x98 /usr/lib/gcc/arm-none-eabi/10.3.1/thumb/v6-m/nofp/crtbegin.o
 .text.vBlinkTask
                0x0000000010000354       0x1c CMakeFiles/blink.dir/blink.c.obj
                0x0000000010000354                vBlinkTask
 .text.startup.main
                0x0000000010000370       0x3c CMakeFiles/blink.dir/blink.c.obj
                0x0000000010000370                main
 .text.gpio_set_function
                0x00000000100003ac       0x30 CMakeFiles/blink.dir/home/tarek/pico-sdk/src/rp2_common/hardware_gpio/gpio.c.obj
                0x00000000100003ac                gpio_set_function
 .text.gpio_init
                0x00000000100003dc       0x3c CMakeFiles/blink.dir/home/tarek/pico-sdk/src/rp2_common/hardware_gpio/gpio.c.obj
                0x00000000100003dc                gpio_init
 .text.running_on_fpga
                0x0000000010000418       0x10 CMakeFiles/blink.dir/home/tarek/pico-sdk/src/rp2_common/pico_platform/platform.c.obj
                0x0000000010000418                running_on_fpga
 .text.hw_claim_or_assert
                0x0000000010000428       0x44 CMakeFiles/blink.dir/home/tarek/pico-sdk/src/rp2_common/hardware_claim/claim.c.obj
                0x0000000010000428                hw_claim_or_assert
 .text.hw_claim_unused_from_range
                0x000000001000046c       0x9c CMakeFiles/blink.dir/home/tarek/pico-sdk/src/rp2_common/hardware_claim/claim.c.obj
                0x000000001000046c                hw_claim_unused_from_range
 .text.spin_locks_reset
                0x0000000010000508       0x1c CMakeFiles/blink.dir/home/tarek/pico-sdk/src/rp2_common/hardware_sync/sync.c.obj
                0x0000000010000508                spin_locks_reset
 .text.next_striped_spin_lock_num
                0x0000000010000524       0x18 CMakeFiles/blink.dir/home/tarek/pico-sdk/src/rp2_common/hardware_sync/sync.c.obj
                0x0000000010000524                next_striped_spin_lock_num
 .text.spin_lock_claim
                0x000000001000053c       0x18 CMakeFiles/blink.dir/home/tarek/pico-sdk/src/rp2_common/hardware_sync/sync.c.obj
                0x000000001000053c                spin_lock_claim
 .text.spin_lock_claim_unused
                0x0000000010000554       0x20 CMakeFiles/blink.dir/home/tarek/pico-sdk/src/rp2_common/hardware_sync/sync.c.obj
                0x0000000010000554                spin_lock_claim_unused
 .text.irq_set_enabled
                0x0000000010000574       0x24 CMakeFiles/blink.dir/home/tarek/pico-sdk/src/rp2_common/hardware_irq/irq.c.obj
                0x0000000010000574                irq_set_enabled
 .text.irq_is_enabled
                0x0000000010000598       0x18 CMakeFiles/blink.dir/home/tarek/pico-sdk/src/rp2_common/hardware_irq/irq.c.obj
                0x0000000010000598                irq_is_enabled
 .text.irq_set_pending
                0x00000000100005b0       0x10 CMakeFiles/blink.dir/home/tarek/pico-sdk/src/rp2_common/hardware_irq/irq.c.obj
                0x00000000100005b0                irq_set_pending
 .text.irq_has_shared_handler
                0x00000000100005c0       0x2c CMakeFiles/blink.dir/home/tarek/pico-sdk/src/rp2_common/hardware_irq/irq.c.obj
                0x00000000100005c0                irq_has_shared_handler
 .text.irq_get_vtable_handler
                0x00000000100005ec       0x10 CMakeFiles/blink.dir/home/tarek/pico-sdk/src/rp2_common/hardware_irq/irq.c.obj
                0x00000000100005ec                irq_get_vtable_handler
 .text.irq_set_exclusive_handler
                0x00000000100005fc       0x54 CMakeFiles/blink.dir/home/tarek/pico-sdk/src/rp2_common/hardware_irq/irq.c.obj
                0x00000000100005fc                irq_set_exclusive_handler
 .text.irq_add_shared_handler
                0x0000000010000650      0x1e8 CMakeFiles/blink.dir/home/tarek/pico-sdk/src/rp2_common/hardware_irq/irq.c.obj
                0x0000000010000650                irq_add_shared_handler
 .text.irq_remove_handler
                0x0000000010000838      0x1b0 CMakeFiles/blink.dir/home/tarek/pico-sdk/src/rp2_common/hardware_irq/irq.c.obj
                0x0000000010000838                irq_remove_handler
 .text.irq_set_priority
                0x00000000100009e8       0x28 CMakeFiles/blink.dir/home/tarek/pico-sdk/src/rp2_common/hardware_irq/irq.c.obj
                0x00000000100009e8                irq_set_priority
 .text.irq_add_tail_to_free_list
                0x0000000010000a10       0xb4 CMakeFiles/blink.dir/home/tarek/pico-sdk/src/rp2_common/hardware_irq/irq.c.obj
                0x0000000010000a10                irq_add_tail_to_free_list
 .text.irq_init_priorities
                0x0000000010000ac4       0x24 CMakeFiles/blink.dir/home/tarek/pico-sdk/src/rp2_common/hardware_irq/irq.c.obj
                0x0000000010000ac4                irq_init_priorities
 .text.user_irq_claim_unused
                0x0000000010000ae8       0x28 CMakeFiles/blink.dir/home/tarek/pico-sdk/src/rp2_common/hardware_irq/irq.c.obj
                0x0000000010000ae8                user_irq_claim_unused
 .text.lock_init
                0x0000000010000b10       0x10 CMakeFiles/blink.dir/home/tarek/pico-sdk/src/common/pico_sync/lock_core.c.obj
                0x0000000010000b10                lock_init
 .text.mutex_init
                0x0000000010000b20       0x1c CMakeFiles/blink.dir/home/tarek/pico-sdk/src/common/pico_sync/mutex.c.obj
                0x0000000010000b20                mutex_init
 .text.recursive_mutex_init
                0x0000000010000b3c       0x20 CMakeFiles/blink.dir/home/tarek/pico-sdk/src/common/pico_sync/mutex.c.obj
                0x0000000010000b3c                recursive_mutex_init
 .text.critical_section_init
                0x0000000010000b5c       0x20 CMakeFiles/blink.dir/home/tarek/pico-sdk/src/common/pico_sync/critical_section.c.obj
                0x0000000010000b5c                critical_section_init
 .text.critical_section_init_with_lock_num
                0x0000000010000b7c       0x14 CMakeFiles/blink.dir/home/tarek/pico-sdk/src/common/pico_sync/critical_section.c.obj
                0x0000000010000b7c                critical_section_init_with_lock_num
 .text.timer_pool_entry_comparator
                0x0000000010000b90       0x34 CMakeFiles/blink.dir/home/tarek/pico-sdk/src/common/pico_time/time.c.obj
                0x0000000010000b90                timer_pool_entry_comparator
 .text.sleep_until_callback
                0x0000000010000bc4       0x24 CMakeFiles/blink.dir/home/tarek/pico-sdk/src/common/pico_time/time.c.obj
 .text.add_alarm_under_lock.isra.0
                0x0000000010000be8      0x100 CMakeFiles/blink.dir/home/tarek/pico-sdk/src/common/pico_time/time.c.obj
 .text.alarm_pool_alarm_callback
                0x0000000010000ce8      0x1bc CMakeFiles/blink.dir/home/tarek/pico-sdk/src/common/pico_time/time.c.obj
 .text.alarm_pool_init_default
                0x0000000010000ea4       0x6c CMakeFiles/blink.dir/home/tarek/pico-sdk/src/common/pico_time/time.c.obj
                0x0000000010000ea4                alarm_pool_init_default
 .text.alarm_pool_get_default
                0x0000000010000f10        0x8 CMakeFiles/blink.dir/home/tarek/pico-sdk/src/common/pico_time/time.c.obj
                0x0000000010000f10                alarm_pool_get_default
 .text.alarm_pool_add_alarm_at
                0x0000000010000f18      0x178 CMakeFiles/blink.dir/home/tarek/pico-sdk/src/common/pico_time/time.c.obj
                0x0000000010000f18                alarm_pool_add_alarm_at
 .text.alarm_pool_core_num
                0x0000000010001090        0x4 CMakeFiles/blink.dir/home/tarek/pico-sdk/src/common/pico_time/time.c.obj
                0x0000000010001090                alarm_pool_core_num
 .text.best_effort_wfe_or_timeout
                0x0000000010001094       0xd4 CMakeFiles/blink.dir/home/tarek/pico-sdk/src/common/pico_time/time.c.obj
                0x0000000010001094                best_effort_wfe_or_timeout
 .text.hardware_alarm_irq_handler
                0x0000000010001168       0xbc CMakeFiles/blink.dir/home/tarek/pico-sdk/src/rp2_common/hardware_timer/timer.c.obj
 .text.hardware_alarm_claim
                0x0000000010001224       0x18 CMakeFiles/blink.dir/home/tarek/pico-sdk/src/rp2_common/hardware_timer/timer.c.obj
                0x0000000010001224                hardware_alarm_claim
 .text.time_us_64
                0x000000001000123c       0x14 CMakeFiles/blink.dir/home/tarek/pico-sdk/src/rp2_common/hardware_timer/timer.c.obj
                0x000000001000123c                time_us_64
 .text.busy_wait_us
                0x0000000010001250       0x54 CMakeFiles/blink.dir/home/tarek/pico-sdk/src/rp2_common/hardware_timer/timer.c.obj
                0x0000000010001250                busy_wait_us
 .text.hardware_alarm_set_callback
                0x00000000100012a4       0x8c CMakeFiles/blink.dir/home/tarek/pico-sdk/src/rp2_common/hardware_timer/timer.c.obj
                0x00000000100012a4                hardware_alarm_set_callback
 .text.hardware_alarm_set_target
                0x0000000010001330       0xd4 CMakeFiles/blink.dir/home/tarek/pico-sdk/src/rp2_common/hardware_timer/timer.c.obj
                0x0000000010001330                hardware_alarm_set_target
 .text.hardware_alarm_cancel
                0x0000000010001404       0x3c CMakeFiles/blink.dir/home/tarek/pico-sdk/src/rp2_common/hardware_timer/timer.c.obj
                0x0000000010001404                hardware_alarm_cancel
 .text.ph_merge_nodes
                0x0000000010001440       0x68 CMakeFiles/blink.dir/home/tarek/pico-sdk/src/common/pico_util/pheap.c.obj
 .text.ph_post_alloc_init
                0x00000000100014a8       0x3c CMakeFiles/blink.dir/home/tarek/pico-sdk/src/common/pico_util/pheap.c.obj
                0x00000000100014a8                ph_post_alloc_init
 .text.ph_merge_two_pass
                0x00000000100014e4       0x90 CMakeFiles/blink.dir/home/tarek/pico-sdk/src/common/pico_util/pheap.c.obj
                0x00000000100014e4                ph_merge_two_pass
 .text.ph_remove_any_head
                0x0000000010001574      0x100 CMakeFiles/blink.dir/home/tarek/pico-sdk/src/common/pico_util/pheap.c.obj
 .text.ph_remove_head
                0x0000000010001674      0x104 CMakeFiles/blink.dir/home/tarek/pico-sdk/src/common/pico_util/pheap.c.obj
                0x0000000010001674                ph_remove_head
 .text.ph_remove_and_free_node
                0x0000000010001778       0x7c CMakeFiles/blink.dir/home/tarek/pico-sdk/src/common/pico_util/pheap.c.obj
                0x0000000010001778                ph_remove_and_free_node
 .text.uart_init
                0x00000000100017f4      0x188 CMakeFiles/blink.dir/home/tarek/pico-sdk/src/rp2_common/hardware_uart/uart.c.obj
                0x00000000100017f4                uart_init
 .text.clocks_init
                0x000000001000197c      0x2d0 CMakeFiles/blink.dir/home/tarek/pico-sdk/src/rp2_common/hardware_clocks/clocks.c.obj
                0x000000001000197c                clocks_init
 .text.clock_get_hz
                0x0000000010001c4c        0xc CMakeFiles/blink.dir/home/tarek/pico-sdk/src/rp2_common/hardware_clocks/clocks.c.obj
                0x0000000010001c4c                clock_get_hz
 .text.pll_init
                0x0000000010001c58       0xa0 CMakeFiles/blink.dir/home/tarek/pico-sdk/src/rp2_common/hardware_pll/pll.c.obj
                0x0000000010001c58                pll_init
 .text.watchdog_start_tick
                0x0000000010001cf8       0x10 CMakeFiles/blink.dir/home/tarek/pico-sdk/src/rp2_common/hardware_watchdog/watchdog.c.obj
                0x0000000010001cf8                watchdog_start_tick
 .text.watchdog_reboot
                0x0000000010001d08       0x98 CMakeFiles/blink.dir/home/tarek/pico-sdk/src/rp2_common/hardware_watchdog/watchdog.c.obj
                0x0000000010001d08                watchdog_reboot
 .text.xosc_init
                0x0000000010001da0       0x28 CMakeFiles/blink.dir/home/tarek/pico-sdk/src/rp2_common/hardware_xosc/xosc.c.obj
                0x0000000010001da0                xosc_init
 .text.runtime_init
                0x0000000010001dc8       0xf0 CMakeFiles/blink.dir/home/tarek/pico-sdk/src/rp2_common/pico_runtime/runtime.c.obj
                0x0000000010001dc8                runtime_init
 .text._exit    0x0000000010001eb8        0x4 CMakeFiles/blink.dir/home/tarek/pico-sdk/src/rp2_common/pico_runtime/runtime.c.obj
                0x0000000010001eb8                _exit
 .text.exit     0x0000000010001ebc        0x8 CMakeFiles/blink.dir/home/tarek/pico-sdk/src/rp2_common/pico_runtime/runtime.c.obj
                0x0000000010001ebc                exit
 .text.panic    0x0000000010001ec4       0x30 CMakeFiles/blink.dir/home/tarek/pico-sdk/src/rp2_common/pico_runtime/runtime.c.obj
                0x0000000010001ec4                panic
 .text.panic_unsupported
                0x0000000010001ef4        0xc CMakeFiles/blink.dir/home/tarek/pico-sdk/src/rp2_common/pico_runtime/runtime.c.obj
                0x0000000010001ef4                panic_unsupported
 .text.hard_assertion_failure
                0x0000000010001f00        0xc CMakeFiles/blink.dir/home/tarek/pico-sdk/src/rp2_common/pico_runtime/runtime.c.obj
                0x0000000010001f00                hard_assertion_failure
 .text._out_char
                0x0000000010001f0c       0x10 CMakeFiles/blink.dir/home/tarek/pico-sdk/src/rp2_common/pico_printf/printf.c.obj
 .text.weak_raw_vprintf
                0x0000000010001f1c       0x30 CMakeFiles/blink.dir/home/tarek/pico-sdk/src/rp2_common/pico_printf/printf.c.obj
                0x0000000010001f1c                weak_raw_vprintf
 .text          0x0000000010001f4c       0x10 CMakeFiles/blink.dir/home/tarek/pico-sdk/src/rp2_common/pico_bit_ops/bit_ops_aeabi.S.obj
 .text.clzsi    0x0000000010001f5c        0xc CMakeFiles/blink.dir/home/tarek/pico-sdk/src/rp2_common/pico_bit_ops/bit_ops_aeabi.S.obj
                0x0000000010001f5c                __wrap___clz
                0x0000000010001f5c                __wrap___clzsi2
                0x0000000010001f5c                __wrap___clzl
 .text.rom_func_lookup
                0x0000000010001f68       0x10 CMakeFiles/blink.dir/home/tarek/pico-sdk/src/rp2_common/pico_bootrom/bootrom.c.obj
                0x0000000010001f68                rom_func_lookup
 .text.rom_data_lookup
                0x0000000010001f78       0x10 CMakeFiles/blink.dir/home/tarek/pico-sdk/src/rp2_common/pico_bootrom/bootrom.c.obj
                0x0000000010001f78                rom_data_lookup
 .text.rom_funcs_lookup
                0x0000000010001f88       0x44 CMakeFiles/blink.dir/home/tarek/pico-sdk/src/rp2_common/pico_bootrom/bootrom.c.obj
                0x0000000010001f88                rom_funcs_lookup
 .text.__wrap___aeabi_uidiv
                0x0000000010001fcc       0x4c CMakeFiles/blink.dir/home/tarek/pico-sdk/src/rp2_common/pico_divider/divider.S.obj
                0x0000000010001fcc                __wrap___aeabi_uidiv
                0x0000000010001fcc                __wrap___aeabi_uidivmod
                0x0000000010001fcc                div_u32u32
                0x0000000010001fcc                divmod_u32u32
                0x0000000010001fd4                divmod_u32u32_unsafe
                0x0000000010001ffc                divmod_u32u32_savestate
 .text.__wrap___aeabi_ldiv
                0x0000000010002018      0x424 CMakeFiles/blink.dir/home/tarek/pico-sdk/src/rp2_common/pico_divider/divider.S.obj
                0x0000000010002018                div_s64s64
                0x0000000010002018                divmod_s64s64
                0x0000000010002018                __wrap___aeabi_ldivmod
                0x0000000010002048                div_u64u64
                0x0000000010002048                divmod_u64u64
                0x0000000010002048                __wrap___aeabi_uldivmod
                0x0000000010002058                divmod_u64u64_savestate
                0x0000000010002078                divmod_s64s64_unsafe
                0x0000000010002100                divmod_u64u64_unsafe
 .text.__aeabi_double_init
                0x000000001000243c       0x94 CMakeFiles/blink.dir/home/tarek/pico-sdk/src/rp2_common/pico_double/double_init_rom.c.obj
                0x000000001000243c                __aeabi_double_init
 .text.double_table_shim_on_use_helper
                0x00000000100024d0       0x2c CMakeFiles/blink.dir/home/tarek/pico-sdk/src/rp2_common/pico_double/double_v1_rom_shim.S.obj
                0x00000000100024d0                double_table_shim_on_use_helper
 .text.__aeabi_lmul
                0x00000000100024fc       0x32 CMakeFiles/blink.dir/home/tarek/pico-sdk/src/rp2_common/pico_int64_ops/pico_int64_ops_aeabi.S.obj
                0x00000000100024fc                __wrap___aeabi_lmul
 *fill*         0x000000001000252e        0x2 
 .text.__aeabi_float_init
                0x0000000010002530       0x64 CMakeFiles/blink.dir/home/tarek/pico-sdk/src/rp2_common/pico_float/float_init_rom.c.obj
                0x0000000010002530                __aeabi_float_init
 .text.float_table_shim_on_use_helper
                0x0000000010002594       0x2c CMakeFiles/blink.dir/home/tarek/pico-sdk/src/rp2_common/pico_float/float_v1_rom_shim.S.obj
                0x0000000010002594                float_table_shim_on_use_helper
 .text          0x00000000100025c0       0x10 CMakeFiles/blink.dir/home/tarek/pico-sdk/src/rp2_common/pico_mem_ops/mem_ops_aeabi.S.obj
                0x00000000100025c0                __aeabi_mem_init
 .text.memset   0x00000000100025d0        0xc CMakeFiles/blink.dir/home/tarek/pico-sdk/src/rp2_common/pico_mem_ops/mem_ops_aeabi.S.obj
                0x00000000100025d0                __wrap_memset
 .text.memcpy   0x00000000100025dc        0xc CMakeFiles/blink.dir/home/tarek/pico-sdk/src/rp2_common/pico_mem_ops/mem_ops_aeabi.S.obj
                0x00000000100025dc                __wrap___aeabi_memcpy
                0x00000000100025dc                __wrap_memcpy
 .text.stdio_out_chars_no_crlf
                0x00000000100025e8       0x10 CMakeFiles/blink.dir/home/tarek/pico-sdk/src/rp2_common/pico_stdio/stdio.c.obj
 .text.stdio_out_chars_crlf
                0x00000000100025f8       0xb4 CMakeFiles/blink.dir/home/tarek/pico-sdk/src/rp2_common/pico_stdio/stdio.c.obj
 .text.stdio_put_string.isra.0
                0x00000000100026ac       0xfc CMakeFiles/blink.dir/home/tarek/pico-sdk/src/rp2_common/pico_stdio/stdio.c.obj
 .text.__wrap_putchar
                0x00000000100027a8       0x98 CMakeFiles/blink.dir/home/tarek/pico-sdk/src/rp2_common/pico_stdio/stdio.c.obj
                0x00000000100027a8                __wrap_putchar
 .text.__wrap_puts
                0x0000000010002840       0x3c CMakeFiles/blink.dir/home/tarek/pico-sdk/src/rp2_common/pico_stdio/stdio.c.obj
                0x0000000010002840                __wrap_puts
 .text.stdio_set_driver_enabled
                0x000000001000287c       0x30 CMakeFiles/blink.dir/home/tarek/pico-sdk/src/rp2_common/pico_stdio/stdio.c.obj
                0x000000001000287c                stdio_set_driver_enabled
 .text.stdio_init_all
                0x00000000100028ac       0x10 CMakeFiles/blink.dir/home/tarek/pico-sdk/src/rp2_common/pico_stdio/stdio.c.obj
                0x00000000100028ac                stdio_init_all
 .text.stdio_uart_out_chars
                0x00000000100028bc       0x4c CMakeFiles/blink.dir/home/tarek/pico-sdk/src/rp2_common/pico_stdio_uart/stdio_uart.c.obj
 .text.stdio_uart_in_chars
                0x0000000010002908       0x84 CMakeFiles/blink.dir/home/tarek/pico-sdk/src/rp2_common/pico_stdio_uart/stdio_uart.c.obj
                0x0000000010002908                stdio_uart_in_chars
 .text.on_uart_rx
                0x000000001000298c       0x28 CMakeFiles/blink.dir/home/tarek/pico-sdk/src/rp2_common/pico_stdio_uart/stdio_uart.c.obj
 .text.stdio_uart_set_chars_available_callback
                0x00000000100029b4       0x8c CMakeFiles/blink.dir/home/tarek/pico-sdk/src/rp2_common/pico_stdio_uart/stdio_uart.c.obj
 .text.stdio_uart_init
                0x0000000010002a40       0x48 CMakeFiles/blink.dir/home/tarek/pico-sdk/src/rp2_common/pico_stdio_uart/stdio_uart.c.obj
                0x0000000010002a40                stdio_uart_init
 .text.resetd_init
                0x0000000010002a88        0x4 CMakeFiles/blink.dir/home/tarek/pico-sdk/src/rp2_common/pico_stdio_usb/reset_interface.c.obj
 .text.resetd_reset
                0x0000000010002a8c        0xc CMakeFiles/blink.dir/home/tarek/pico-sdk/src/rp2_common/pico_stdio_usb/reset_interface.c.obj
 .text.resetd_open
                0x0000000010002a98       0x28 CMakeFiles/blink.dir/home/tarek/pico-sdk/src/rp2_common/pico_stdio_usb/reset_interface.c.obj
 .text.resetd_xfer_cb
                0x0000000010002ac0        0x4 CMakeFiles/blink.dir/home/tarek/pico-sdk/src/rp2_common/pico_stdio_usb/reset_interface.c.obj
 .text.resetd_control_xfer_cb
                0x0000000010002ac4       0x64 CMakeFiles/blink.dir/home/tarek/pico-sdk/src/rp2_common/pico_stdio_usb/reset_interface.c.obj
 .text.usbd_app_driver_get_cb
                0x0000000010002b28        0xc CMakeFiles/blink.dir/home/tarek/pico-sdk/src/rp2_common/pico_stdio_usb/reset_interface.c.obj
                0x0000000010002b28                usbd_app_driver_get_cb
 .text.tud_cdc_line_coding_cb
                0x0000000010002b34       0x34 CMakeFiles/blink.dir/home/tarek/pico-sdk/src/rp2_common/pico_stdio_usb/reset_interface.c.obj
                0x0000000010002b34                tud_cdc_line_coding_cb
 .text.stdio_usb_set_chars_available_callback
                0x0000000010002b68       0x14 CMakeFiles/blink.dir/home/tarek/pico-sdk/src/rp2_common/pico_stdio_usb/stdio_usb.c.obj
                0x0000000010002b68                stdio_usb_set_chars_available_callback
 .text.usb_irq  0x0000000010002b7c       0x10 CMakeFiles/blink.dir/home/tarek/pico-sdk/src/rp2_common/pico_stdio_usb/stdio_usb.c.obj
 .text.timer_task
                0x0000000010002b8c       0x54 CMakeFiles/blink.dir/home/tarek/pico-sdk/src/rp2_common/pico_stdio_usb/stdio_usb.c.obj
 .text.stdio_usb_in_chars
                0x0000000010002be0       0x90 CMakeFiles/blink.dir/home/tarek/pico-sdk/src/rp2_common/pico_stdio_usb/stdio_usb.c.obj
                0x0000000010002be0                stdio_usb_in_chars
 .text.stdio_usb_out_chars
                0x0000000010002c70      0x100 CMakeFiles/blink.dir/home/tarek/pico-sdk/src/rp2_common/pico_stdio_usb/stdio_usb.c.obj
 .text.low_priority_worker_irq
                0x0000000010002d70       0xa8 CMakeFiles/blink.dir/home/tarek/pico-sdk/src/rp2_common/pico_stdio_usb/stdio_usb.c.obj
 .text.tud_cdc_rx_cb
                0x0000000010002e18       0x20 CMakeFiles/blink.dir/home/tarek/pico-sdk/src/rp2_common/pico_stdio_usb/stdio_usb.c.obj
                0x0000000010002e18                tud_cdc_rx_cb
 .text.stdio_usb_init
                0x0000000010002e38       0xdc CMakeFiles/blink.dir/home/tarek/pico-sdk/src/rp2_common/pico_stdio_usb/stdio_usb.c.obj
                0x0000000010002e38                stdio_usb_init
 .text.tud_descriptor_device_cb
                0x0000000010002f14        0x8 CMakeFiles/blink.dir/home/tarek/pico-sdk/src/rp2_common/pico_stdio_usb/stdio_usb_descriptors.c.obj
                0x0000000010002f14                tud_descriptor_device_cb
 .text.tud_descriptor_configuration_cb
                0x0000000010002f1c        0x8 CMakeFiles/blink.dir/home/tarek/pico-sdk/src/rp2_common/pico_stdio_usb/stdio_usb_descriptors.c.obj
                0x0000000010002f1c                tud_descriptor_configuration_cb
 .text.tud_descriptor_string_cb
                0x0000000010002f24       0x74 CMakeFiles/blink.dir/home/tarek/pico-sdk/src/rp2_common/pico_stdio_usb/stdio_usb_descriptors.c.obj
                0x0000000010002f24                tud_descriptor_string_cb
 .text.startup._retrieve_unique_id_on_boot
                0x0000000010002f98       0x10 CMakeFiles/blink.dir/home/tarek/pico-sdk/src/rp2_common/pico_unique_id/unique_id.c.obj
 .text.pico_get_unique_board_id_string
                0x0000000010002fa8      0x1a8 CMakeFiles/blink.dir/home/tarek/pico-sdk/src/rp2_common/pico_unique_id/unique_id.c.obj
                0x0000000010002fa8                pico_get_unique_board_id_string
 .text.flash_get_unique_id
                0x0000000010003150       0x40 CMakeFiles/blink.dir/home/tarek/pico-sdk/src/rp2_common/hardware_flash/flash.c.obj
                0x0000000010003150                flash_get_unique_id
 .text.dcd_int_enable
                0x0000000010003190        0xc CMakeFiles/blink.dir/home/tarek/pico-sdk/lib/tinyusb/src/portable/raspberrypi/rp2040/dcd_rp2040.c.obj
                0x0000000010003190                dcd_int_enable
 .text.dcd_set_address
                0x000000001000319c       0x14 CMakeFiles/blink.dir/home/tarek/pico-sdk/lib/tinyusb/src/portable/raspberrypi/rp2040/dcd_rp2040.c.obj
                0x000000001000319c                dcd_set_address
 .text.dcd_connect
                0x00000000100031b0       0x10 CMakeFiles/blink.dir/home/tarek/pico-sdk/lib/tinyusb/src/portable/raspberrypi/rp2040/dcd_rp2040.c.obj
                0x00000000100031b0                dcd_connect
 .text.dcd_init
                0x00000000100031c0       0x98 CMakeFiles/blink.dir/home/tarek/pico-sdk/lib/tinyusb/src/portable/raspberrypi/rp2040/dcd_rp2040.c.obj
                0x00000000100031c0                dcd_init
 .text.dcd_edpt0_status_complete
                0x0000000010003258       0x1c CMakeFiles/blink.dir/home/tarek/pico-sdk/lib/tinyusb/src/portable/raspberrypi/rp2040/dcd_rp2040.c.obj
                0x0000000010003258                dcd_edpt0_status_complete
 .text.dcd_edpt_open
                0x0000000010003274      0x108 CMakeFiles/blink.dir/home/tarek/pico-sdk/lib/tinyusb/src/portable/raspberrypi/rp2040/dcd_rp2040.c.obj
                0x0000000010003274                dcd_edpt_open
 .text.dcd_edpt_close_all
                0x000000001000337c        0x8 CMakeFiles/blink.dir/home/tarek/pico-sdk/lib/tinyusb/src/portable/raspberrypi/rp2040/dcd_rp2040.c.obj
                0x000000001000337c                dcd_edpt_close_all
 .text.dcd_edpt_xfer
                0x0000000010003384       0x24 CMakeFiles/blink.dir/home/tarek/pico-sdk/lib/tinyusb/src/portable/raspberrypi/rp2040/dcd_rp2040.c.obj
                0x0000000010003384                dcd_edpt_xfer
 .text.dcd_edpt_stall
                0x00000000100033a8       0x38 CMakeFiles/blink.dir/home/tarek/pico-sdk/lib/tinyusb/src/portable/raspberrypi/rp2040/dcd_rp2040.c.obj
                0x00000000100033a8                dcd_edpt_stall
 .text.dcd_edpt_clear_stall
                0x00000000100033e0       0x30 CMakeFiles/blink.dir/home/tarek/pico-sdk/lib/tinyusb/src/portable/raspberrypi/rp2040/dcd_rp2040.c.obj
                0x00000000100033e0                dcd_edpt_clear_stall
 .text.rp2040_usb_init
                0x0000000010003410       0x4c CMakeFiles/blink.dir/home/tarek/pico-sdk/lib/tinyusb/src/portable/raspberrypi/rp2040/rp2040_usb.c.obj
                0x0000000010003410                rp2040_usb_init
 .text.hw_endpoint_xfer_start
                0x000000001000345c       0x50 CMakeFiles/blink.dir/home/tarek/pico-sdk/lib/tinyusb/src/portable/raspberrypi/rp2040/rp2040_usb.c.obj
                0x000000001000345c                hw_endpoint_xfer_start
 .text.tud_mounted
                0x00000000100034ac       0x10 CMakeFiles/blink.dir/home/tarek/pico-sdk/lib/tinyusb/src/device/usbd.c.obj
                0x00000000100034ac                tud_mounted
 .text.tud_suspended
                0x00000000100034bc       0x10 CMakeFiles/blink.dir/home/tarek/pico-sdk/lib/tinyusb/src/device/usbd.c.obj
                0x00000000100034bc                tud_suspended
 .text.tud_inited
                0x00000000100034cc       0x14 CMakeFiles/blink.dir/home/tarek/pico-sdk/lib/tinyusb/src/device/usbd.c.obj
                0x00000000100034cc                tud_inited
 .text.tud_init
                0x00000000100034e0       0xe4 CMakeFiles/blink.dir/home/tarek/pico-sdk/lib/tinyusb/src/device/usbd.c.obj
                0x00000000100034e0                tud_init
 .text.tud_task_ext
                0x00000000100035c4      0x854 CMakeFiles/blink.dir/home/tarek/pico-sdk/lib/tinyusb/src/device/usbd.c.obj
                0x00000000100035c4                tud_task_ext
 .text.usbd_open_edpt_pair
                0x0000000010003e18       0x9c CMakeFiles/blink.dir/home/tarek/pico-sdk/lib/tinyusb/src/device/usbd.c.obj
                0x0000000010003e18                usbd_open_edpt_pair
 .text.usbd_defer_func
                0x0000000010003eb4       0x48 CMakeFiles/blink.dir/home/tarek/pico-sdk/lib/tinyusb/src/device/usbd.c.obj
                0x0000000010003eb4                usbd_defer_func
 .text.usbd_edpt_open
                0x0000000010003efc       0x34 CMakeFiles/blink.dir/home/tarek/pico-sdk/lib/tinyusb/src/device/usbd.c.obj
                0x0000000010003efc                usbd_edpt_open
 .text.usbd_edpt_claim
                0x0000000010003f30       0x28 CMakeFiles/blink.dir/home/tarek/pico-sdk/lib/tinyusb/src/device/usbd.c.obj
                0x0000000010003f30                usbd_edpt_claim
 .text.usbd_edpt_release
                0x0000000010003f58       0x28 CMakeFiles/blink.dir/home/tarek/pico-sdk/lib/tinyusb/src/device/usbd.c.obj
                0x0000000010003f58                usbd_edpt_release
 .text.usbd_edpt_xfer
                0x0000000010003f80       0x4c CMakeFiles/blink.dir/home/tarek/pico-sdk/lib/tinyusb/src/device/usbd.c.obj
                0x0000000010003f80                usbd_edpt_xfer
 .text.tud_control_status
                0x0000000010003fcc       0x30 CMakeFiles/blink.dir/home/tarek/pico-sdk/lib/tinyusb/src/device/usbd_control.c.obj
                0x0000000010003fcc                tud_control_status
 .text.tud_control_xfer
                0x0000000010003ffc       0xbc CMakeFiles/blink.dir/home/tarek/pico-sdk/lib/tinyusb/src/device/usbd_control.c.obj
                0x0000000010003ffc                tud_control_xfer
 .text.usbd_control_reset
                0x00000000100040b8       0x14 CMakeFiles/blink.dir/home/tarek/pico-sdk/lib/tinyusb/src/device/usbd_control.c.obj
                0x00000000100040b8                usbd_control_reset
 .text.usbd_control_set_complete_callback
                0x00000000100040cc        0xc CMakeFiles/blink.dir/home/tarek/pico-sdk/lib/tinyusb/src/device/usbd_control.c.obj
                0x00000000100040cc                usbd_control_set_complete_callback
 .text.usbd_control_set_request
                0x00000000100040d8       0x1c CMakeFiles/blink.dir/home/tarek/pico-sdk/lib/tinyusb/src/device/usbd_control.c.obj
                0x00000000100040d8                usbd_control_set_request
 .text.usbd_control_xfer_cb
                0x00000000100040f4       0xfc CMakeFiles/blink.dir/home/tarek/pico-sdk/lib/tinyusb/src/device/usbd_control.c.obj
                0x00000000100040f4                usbd_control_xfer_cb
 .text.tud_cdc_n_connected
                0x00000000100041f0       0x30 CMakeFiles/blink.dir/home/tarek/pico-sdk/lib/tinyusb/src/class/cdc/cdc_device.c.obj
                0x00000000100041f0                tud_cdc_n_connected
 .text.tud_cdc_n_available
                0x0000000010004220       0x18 CMakeFiles/blink.dir/home/tarek/pico-sdk/lib/tinyusb/src/class/cdc/cdc_device.c.obj
                0x0000000010004220                tud_cdc_n_available
 .text.tud_cdc_n_read
                0x0000000010004238       0x70 CMakeFiles/blink.dir/home/tarek/pico-sdk/lib/tinyusb/src/class/cdc/cdc_device.c.obj
                0x0000000010004238                tud_cdc_n_read
 .text.tud_cdc_n_write_flush
                0x00000000100042a8       0x78 CMakeFiles/blink.dir/home/tarek/pico-sdk/lib/tinyusb/src/class/cdc/cdc_device.c.obj
                0x00000000100042a8                tud_cdc_n_write_flush
 .text.tud_cdc_n_write
                0x0000000010004320       0x34 CMakeFiles/blink.dir/home/tarek/pico-sdk/lib/tinyusb/src/class/cdc/cdc_device.c.obj
                0x0000000010004320                tud_cdc_n_write
 .text.tud_cdc_n_write_available
                0x0000000010004354       0x18 CMakeFiles/blink.dir/home/tarek/pico-sdk/lib/tinyusb/src/class/cdc/cdc_device.c.obj
                0x0000000010004354                tud_cdc_n_write_available
 .text.cdcd_init
                0x000000001000436c       0x7c CMakeFiles/blink.dir/home/tarek/pico-sdk/lib/tinyusb/src/class/cdc/cdc_device.c.obj
                0x000000001000436c                cdcd_init
 .text.cdcd_reset
                0x00000000100043e8       0x2c CMakeFiles/blink.dir/home/tarek/pico-sdk/lib/tinyusb/src/class/cdc/cdc_device.c.obj
                0x00000000100043e8                cdcd_reset
 .text.cdcd_open
                0x0000000010004414       0xe8 CMakeFiles/blink.dir/home/tarek/pico-sdk/lib/tinyusb/src/class/cdc/cdc_device.c.obj
                0x0000000010004414                cdcd_open
 .text.cdcd_control_xfer_cb
                0x00000000100044fc       0xe4 CMakeFiles/blink.dir/home/tarek/pico-sdk/lib/tinyusb/src/class/cdc/cdc_device.c.obj
                0x00000000100044fc                cdcd_control_xfer_cb
 .text.cdcd_xfer_cb
                0x00000000100045e0      0x148 CMakeFiles/blink.dir/home/tarek/pico-sdk/lib/tinyusb/src/class/cdc/cdc_device.c.obj
                0x00000000100045e0                cdcd_xfer_cb
 .text.tusb_init
                0x0000000010004728        0xc CMakeFiles/blink.dir/home/tarek/pico-sdk/lib/tinyusb/src/tusb.c.obj
                0x0000000010004728                tusb_init
 .text.tusb_inited
                0x0000000010004734        0x8 CMakeFiles/blink.dir/home/tarek/pico-sdk/lib/tinyusb/src/tusb.c.obj
                0x0000000010004734                tusb_inited
 .text.tu_edpt_claim
                0x000000001000473c       0x50 CMakeFiles/blink.dir/home/tarek/pico-sdk/lib/tinyusb/src/tusb.c.obj
                0x000000001000473c                tu_edpt_claim
 .text.tu_edpt_release
                0x000000001000478c       0x38 CMakeFiles/blink.dir/home/tarek/pico-sdk/lib/tinyusb/src/tusb.c.obj
                0x000000001000478c                tu_edpt_release
 .text.tu_edpt_validate
                0x00000000100047c4       0x78 CMakeFiles/blink.dir/home/tarek/pico-sdk/lib/tinyusb/src/tusb.c.obj
                0x00000000100047c4                tu_edpt_validate
 .text.tu_edpt_bind_driver
                0x000000001000483c       0x34 CMakeFiles/blink.dir/home/tarek/pico-sdk/lib/tinyusb/src/tusb.c.obj
                0x000000001000483c                tu_edpt_bind_driver
 .text.tu_fifo_config
                0x0000000010004870       0x70 CMakeFiles/blink.dir/home/tarek/pico-sdk/lib/tinyusb/src/common/tusb_fifo.c.obj
                0x0000000010004870                tu_fifo_config
 .text.tu_fifo_count
                0x00000000100048e0       0x2c CMakeFiles/blink.dir/home/tarek/pico-sdk/lib/tinyusb/src/common/tusb_fifo.c.obj
                0x00000000100048e0                tu_fifo_count
 .text.tu_fifo_empty
                0x000000001000490c       0x10 CMakeFiles/blink.dir/home/tarek/pico-sdk/lib/tinyusb/src/common/tusb_fifo.c.obj
                0x000000001000490c                tu_fifo_empty
 .text.tu_fifo_remaining
                0x000000001000491c       0x2c CMakeFiles/blink.dir/home/tarek/pico-sdk/lib/tinyusb/src/common/tusb_fifo.c.obj
                0x000000001000491c                tu_fifo_remaining
 .text.tu_fifo_read
                0x0000000010004948       0xa0 CMakeFiles/blink.dir/home/tarek/pico-sdk/lib/tinyusb/src/common/tusb_fifo.c.obj
                0x0000000010004948                tu_fifo_read
 .text.tu_fifo_read_n
                0x00000000100049e8       0xec CMakeFiles/blink.dir/home/tarek/pico-sdk/lib/tinyusb/src/common/tusb_fifo.c.obj
                0x00000000100049e8                tu_fifo_read_n
 .text.tu_fifo_write
                0x0000000010004ad4       0x88 CMakeFiles/blink.dir/home/tarek/pico-sdk/lib/tinyusb/src/common/tusb_fifo.c.obj
                0x0000000010004ad4                tu_fifo_write
 .text.tu_fifo_write_n
                0x0000000010004b5c      0x168 CMakeFiles/blink.dir/home/tarek/pico-sdk/lib/tinyusb/src/common/tusb_fifo.c.obj
                0x0000000010004b5c                tu_fifo_write_n
 .text.tu_fifo_clear
                0x0000000010004cc4       0x40 CMakeFiles/blink.dir/home/tarek/pico-sdk/lib/tinyusb/src/common/tusb_fifo.c.obj
                0x0000000010004cc4                tu_fifo_clear
 .text.tu_fifo_set_overwritable
                0x0000000010004d04       0x48 CMakeFiles/blink.dir/home/tarek/pico-sdk/lib/tinyusb/src/common/tusb_fifo.c.obj
                0x0000000010004d04                tu_fifo_set_overwritable
 .text.vPortSVCHandler
                0x0000000010004d4c        0x4 CMakeFiles/blink.dir/home/tarek/Desktop/freertos-pico/FreeRTOS-Kernel/portable/ThirdParty/GCC/RP2040/port.c.obj
                0x0000000010004d4c                vPortSVCHandler
 .text.vPortStartFirstTask
                0x0000000010004d50       0x38 CMakeFiles/blink.dir/home/tarek/Desktop/freertos-pico/FreeRTOS-Kernel/portable/ThirdParty/GCC/RP2040/port.c.obj
 .text.prvFIFOInterruptHandler
                0x0000000010004d88       0x2c CMakeFiles/blink.dir/home/tarek/Desktop/freertos-pico/FreeRTOS-Kernel/portable/ThirdParty/GCC/RP2040/port.c.obj
 *fill*         0x0000000010004db4        0xc 
 .text.xPortPendSVHandler
                0x0000000010004dc0       0x78 CMakeFiles/blink.dir/home/tarek/Desktop/freertos-pico/FreeRTOS-Kernel/portable/ThirdParty/GCC/RP2040/port.c.obj
                0x0000000010004dc0                xPortPendSVHandler
 .text.xPortSysTickHandler
                0x0000000010004e38       0x2c CMakeFiles/blink.dir/home/tarek/Desktop/freertos-pico/FreeRTOS-Kernel/portable/ThirdParty/GCC/RP2040/port.c.obj
                0x0000000010004e38                xPortSysTickHandler
 .text.prvTaskExitError
                0x0000000010004e64        0x8 CMakeFiles/blink.dir/home/tarek/Desktop/freertos-pico/FreeRTOS-Kernel/portable/ThirdParty/GCC/RP2040/port.c.obj
 .text.pxPortInitialiseStack
                0x0000000010004e6c       0x20 CMakeFiles/blink.dir/home/tarek/Desktop/freertos-pico/FreeRTOS-Kernel/portable/ThirdParty/GCC/RP2040/port.c.obj
                0x0000000010004e6c                pxPortInitialiseStack
 .text.vPortYield
                0x0000000010004e8c       0x18 CMakeFiles/blink.dir/home/tarek/Desktop/freertos-pico/FreeRTOS-Kernel/portable/ThirdParty/GCC/RP2040/port.c.obj
                0x0000000010004e8c                vPortYield
 .text.vPortEnableInterrupts
                0x0000000010004ea4       0x30 CMakeFiles/blink.dir/home/tarek/Desktop/freertos-pico/FreeRTOS-Kernel/portable/ThirdParty/GCC/RP2040/port.c.obj
                0x0000000010004ea4                vPortEnableInterrupts
 .text.vYieldCore
                0x0000000010004ed4        0xc CMakeFiles/blink.dir/home/tarek/Desktop/freertos-pico/FreeRTOS-Kernel/portable/ThirdParty/GCC/RP2040/port.c.obj
                0x0000000010004ed4                vYieldCore
 .text.vPortSetupTimerInterrupt
                0x0000000010004ee0       0x34 CMakeFiles/blink.dir/home/tarek/Desktop/freertos-pico/FreeRTOS-Kernel/portable/ThirdParty/GCC/RP2040/port.c.obj
                0x0000000010004ee0                vPortSetupTimerInterrupt
 .text.xPortStartSchedulerOnCore.isra.0
                0x0000000010004f14       0xac CMakeFiles/blink.dir/home/tarek/Desktop/freertos-pico/FreeRTOS-Kernel/portable/ThirdParty/GCC/RP2040/port.c.obj
 .text.prvDisableInterruptsAndPortStartSchedulerOnCore
                0x0000000010004fc0        0xc CMakeFiles/blink.dir/home/tarek/Desktop/freertos-pico/FreeRTOS-Kernel/portable/ThirdParty/GCC/RP2040/port.c.obj
 .text.xPortStartScheduler
                0x0000000010004fcc       0x28 CMakeFiles/blink.dir/home/tarek/Desktop/freertos-pico/FreeRTOS-Kernel/portable/ThirdParty/GCC/RP2040/port.c.obj
                0x0000000010004fcc                xPortStartScheduler
 .text.ulPortLockGetCurrentOwnerId
                0x0000000010004ff4       0x30 CMakeFiles/blink.dir/home/tarek/Desktop/freertos-pico/FreeRTOS-Kernel/portable/ThirdParty/GCC/RP2040/port.c.obj
                0x0000000010004ff4                ulPortLockGetCurrentOwnerId
 .text.vPortLockInternalSpinUnlockWithNotify
                0x0000000010005024       0x84 CMakeFiles/blink.dir/home/tarek/Desktop/freertos-pico/FreeRTOS-Kernel/portable/ThirdParty/GCC/RP2040/port.c.obj
                0x0000000010005024                vPortLockInternalSpinUnlockWithNotify
 .text.xPortLockInternalSpinUnlockWithBestEffortWaitOrTimeout
                0x00000000100050a8       0xec CMakeFiles/blink.dir/home/tarek/Desktop/freertos-pico/FreeRTOS-Kernel/portable/ThirdParty/GCC/RP2040/port.c.obj
                0x00000000100050a8                xPortLockInternalSpinUnlockWithBestEffortWaitOrTimeout
 .text.startup.prvRuntimeInitializer
                0x0000000010005194       0x10 CMakeFiles/blink.dir/home/tarek/Desktop/freertos-pico/FreeRTOS-Kernel/portable/ThirdParty/GCC/RP2040/port.c.obj
 .text.vEventGroupSetBitsCallback
                0x00000000100051a4       0x8c CMakeFiles/blink.dir/home/tarek/Desktop/freertos-pico/FreeRTOS-Kernel/event_groups.c.obj
                0x00000000100051a4                vEventGroupSetBitsCallback
 .text.xEventGroupCreate
                0x0000000010005230       0x18 CMakeFiles/blink.dir/home/tarek/Desktop/freertos-pico/FreeRTOS-Kernel/event_groups.c.obj
                0x0000000010005230                xEventGroupCreate
 .text.xEventGroupWaitBits
                0x0000000010005248       0xb8 CMakeFiles/blink.dir/home/tarek/Desktop/freertos-pico/FreeRTOS-Kernel/event_groups.c.obj
                0x0000000010005248                xEventGroupWaitBits
 .text.xEventGroupSetBits
                0x0000000010005300       0x90 CMakeFiles/blink.dir/home/tarek/Desktop/freertos-pico/FreeRTOS-Kernel/event_groups.c.obj
                0x0000000010005300                xEventGroupSetBits
 .text.xEventGroupSetBitsFromISR
                0x0000000010005390       0x14 CMakeFiles/blink.dir/home/tarek/Desktop/freertos-pico/FreeRTOS-Kernel/event_groups.c.obj
                0x0000000010005390                xEventGroupSetBitsFromISR
 .text.vListInitialise
                0x00000000100053a4       0x18 CMakeFiles/blink.dir/home/tarek/Desktop/freertos-pico/FreeRTOS-Kernel/list.c.obj
                0x00000000100053a4                vListInitialise
 .text.vListInitialiseItem
                0x00000000100053bc        0x8 CMakeFiles/blink.dir/home/tarek/Desktop/freertos-pico/FreeRTOS-Kernel/list.c.obj
                0x00000000100053bc                vListInitialiseItem
 .text.vListInsertEnd
                0x00000000100053c4       0x18 CMakeFiles/blink.dir/home/tarek/Desktop/freertos-pico/FreeRTOS-Kernel/list.c.obj
                0x00000000100053c4                vListInsertEnd
 .text.vListInsert
                0x00000000100053dc       0x30 CMakeFiles/blink.dir/home/tarek/Desktop/freertos-pico/FreeRTOS-Kernel/list.c.obj
                0x00000000100053dc                vListInsert
 .text.uxListRemove
                0x000000001000540c       0x24 CMakeFiles/blink.dir/home/tarek/Desktop/freertos-pico/FreeRTOS-Kernel/list.c.obj
                0x000000001000540c                uxListRemove
 .text.prvUnlockQueue
                0x0000000010005430      0x140 CMakeFiles/blink.dir/home/tarek/Desktop/freertos-pico/FreeRTOS-Kernel/queue.c.obj
 .text.prvNotifyQueueSetContainer
                0x0000000010005570       0x94 CMakeFiles/blink.dir/home/tarek/Desktop/freertos-pico/FreeRTOS-Kernel/queue.c.obj
 .text.xQueueGenericCreate
                0x0000000010005604       0x6c CMakeFiles/blink.dir/home/tarek/Desktop/freertos-pico/FreeRTOS-Kernel/queue.c.obj
                0x0000000010005604                xQueueGenericCreate
 .text.xQueueGenericSend
                0x0000000010005670      0x1cc CMakeFiles/blink.dir/home/tarek/Desktop/freertos-pico/FreeRTOS-Kernel/queue.c.obj
                0x0000000010005670                xQueueGenericSend
 .text.xQueueGenericSendFromISR
                0x000000001000583c      0x134 CMakeFiles/blink.dir/home/tarek/Desktop/freertos-pico/FreeRTOS-Kernel/queue.c.obj
                0x000000001000583c                xQueueGenericSendFromISR
 .text.xQueueReceive
                0x0000000010005970      0x11c CMakeFiles/blink.dir/home/tarek/Desktop/freertos-pico/FreeRTOS-Kernel/queue.c.obj
                0x0000000010005970                xQueueReceive
 .text.vQueueAddToRegistry
                0x0000000010005a8c       0x60 CMakeFiles/blink.dir/home/tarek/Desktop/freertos-pico/FreeRTOS-Kernel/queue.c.obj
                0x0000000010005a8c                vQueueAddToRegistry
 .text.vQueueWaitForMessageRestricted
                0x0000000010005aec       0x48 CMakeFiles/blink.dir/home/tarek/Desktop/freertos-pico/FreeRTOS-Kernel/queue.c.obj
                0x0000000010005aec                vQueueWaitForMessageRestricted
 .text.prvMinimalIdleTask
                0x0000000010005b34       0x18 CMakeFiles/blink.dir/home/tarek/Desktop/freertos-pico/FreeRTOS-Kernel/tasks.c.obj
 .text.prvAddCurrentTaskToDelayedList
                0x0000000010005b4c       0xe0 CMakeFiles/blink.dir/home/tarek/Desktop/freertos-pico/FreeRTOS-Kernel/tasks.c.obj
 .text.vTaskExitCritical.part.0
                0x0000000010005c2c       0xc4 CMakeFiles/blink.dir/home/tarek/Desktop/freertos-pico/FreeRTOS-Kernel/tasks.c.obj
 .text.prvCheckForRunStateChange.part.0
                0x0000000010005cf0      0x18c CMakeFiles/blink.dir/home/tarek/Desktop/freertos-pico/FreeRTOS-Kernel/tasks.c.obj
 .text.vTaskSuspendAll.part.0
                0x0000000010005e7c       0xfc CMakeFiles/blink.dir/home/tarek/Desktop/freertos-pico/FreeRTOS-Kernel/tasks.c.obj
 .text.prvIdleTask
                0x0000000010005f78      0x1f0 CMakeFiles/blink.dir/home/tarek/Desktop/freertos-pico/FreeRTOS-Kernel/tasks.c.obj
 .text.prvYieldForTask
                0x0000000010006168       0xe0 CMakeFiles/blink.dir/home/tarek/Desktop/freertos-pico/FreeRTOS-Kernel/tasks.c.obj
 .text.vTaskSuspendAll
                0x0000000010006248      0x108 CMakeFiles/blink.dir/home/tarek/Desktop/freertos-pico/FreeRTOS-Kernel/tasks.c.obj
                0x0000000010006248                vTaskSuspendAll
 .text.xTaskGetTickCount
                0x0000000010006350        0xc CMakeFiles/blink.dir/home/tarek/Desktop/freertos-pico/FreeRTOS-Kernel/tasks.c.obj
                0x0000000010006350                xTaskGetTickCount
 .text.vTaskSwitchContext
                0x000000001000635c      0x350 CMakeFiles/blink.dir/home/tarek/Desktop/freertos-pico/FreeRTOS-Kernel/tasks.c.obj
                0x000000001000635c                vTaskSwitchContext
 .text.vTaskPlaceOnEventList
                0x00000000100066ac       0xe0 CMakeFiles/blink.dir/home/tarek/Desktop/freertos-pico/FreeRTOS-Kernel/tasks.c.obj
                0x00000000100066ac                vTaskPlaceOnEventList
 .text.vTaskPlaceOnUnorderedEventList
                0x000000001000678c       0x48 CMakeFiles/blink.dir/home/tarek/Desktop/freertos-pico/FreeRTOS-Kernel/tasks.c.obj
                0x000000001000678c                vTaskPlaceOnUnorderedEventList
 .text.vTaskPlaceOnEventListRestricted
                0x00000000100067d4      0x100 CMakeFiles/blink.dir/home/tarek/Desktop/freertos-pico/FreeRTOS-Kernel/tasks.c.obj
                0x00000000100067d4                vTaskPlaceOnEventListRestricted
 .text.xTaskRemoveFromEventList
                0x00000000100068d4      0x140 CMakeFiles/blink.dir/home/tarek/Desktop/freertos-pico/FreeRTOS-Kernel/tasks.c.obj
                0x00000000100068d4                xTaskRemoveFromEventList
 .text.vTaskInternalSetTimeOutState
                0x0000000010006a14       0x18 CMakeFiles/blink.dir/home/tarek/Desktop/freertos-pico/FreeRTOS-Kernel/tasks.c.obj
                0x0000000010006a14                vTaskInternalSetTimeOutState
 .text.xTaskCheckForTimeOut
                0x0000000010006a2c      0x1e0 CMakeFiles/blink.dir/home/tarek/Desktop/freertos-pico/FreeRTOS-Kernel/tasks.c.obj
                0x0000000010006a2c                xTaskCheckForTimeOut
 .text.vTaskMissedYield
                0x0000000010006c0c       0x14 CMakeFiles/blink.dir/home/tarek/Desktop/freertos-pico/FreeRTOS-Kernel/tasks.c.obj
                0x0000000010006c0c                vTaskMissedYield
 .text.xTaskGetCurrentTaskHandle
                0x0000000010006c20       0x1c CMakeFiles/blink.dir/home/tarek/Desktop/freertos-pico/FreeRTOS-Kernel/tasks.c.obj
                0x0000000010006c20                xTaskGetCurrentTaskHandle
 .text.xTaskGetSchedulerState
                0x0000000010006c3c      0x14c CMakeFiles/blink.dir/home/tarek/Desktop/freertos-pico/FreeRTOS-Kernel/tasks.c.obj
                0x0000000010006c3c                xTaskGetSchedulerState
 .text.xTaskPriorityDisinherit
                0x0000000010006d88       0x58 CMakeFiles/blink.dir/home/tarek/Desktop/freertos-pico/FreeRTOS-Kernel/tasks.c.obj
                0x0000000010006d88                xTaskPriorityDisinherit
 .text.vTaskYieldWithinAPI
                0x0000000010006de0       0x34 CMakeFiles/blink.dir/home/tarek/Desktop/freertos-pico/FreeRTOS-Kernel/tasks.c.obj
                0x0000000010006de0                vTaskYieldWithinAPI
 .text.vTaskEnterCritical
                0x0000000010006e14      0x110 CMakeFiles/blink.dir/home/tarek/Desktop/freertos-pico/FreeRTOS-Kernel/tasks.c.obj
                0x0000000010006e14                vTaskEnterCritical
 .text.xTaskCreateAffinitySet
                0x0000000010006f24      0x2e0 CMakeFiles/blink.dir/home/tarek/Desktop/freertos-pico/FreeRTOS-Kernel/tasks.c.obj
                0x0000000010006f24                xTaskCreateAffinitySet
 .text.vTaskStartScheduler
                0x0000000010007204       0xc0 CMakeFiles/blink.dir/home/tarek/Desktop/freertos-pico/FreeRTOS-Kernel/tasks.c.obj
                0x0000000010007204                vTaskStartScheduler
 .text.xTaskIncrementTick
                0x00000000100072c4      0x240 CMakeFiles/blink.dir/home/tarek/Desktop/freertos-pico/FreeRTOS-Kernel/tasks.c.obj
                0x00000000100072c4                xTaskIncrementTick
 .text.xTaskResumeAll.part.0
                0x0000000010007504      0x144 CMakeFiles/blink.dir/home/tarek/Desktop/freertos-pico/FreeRTOS-Kernel/tasks.c.obj
 .text.xTaskResumeAll
                0x0000000010007648       0x18 CMakeFiles/blink.dir/home/tarek/Desktop/freertos-pico/FreeRTOS-Kernel/tasks.c.obj
                0x0000000010007648                xTaskResumeAll
 .text.vTaskDelay
                0x0000000010007660       0x70 CMakeFiles/blink.dir/home/tarek/Desktop/freertos-pico/FreeRTOS-Kernel/tasks.c.obj
                0x0000000010007660                vTaskDelay
 .text.vTaskRemoveFromUnorderedEventList
                0x00000000100076d0       0x7c CMakeFiles/blink.dir/home/tarek/Desktop/freertos-pico/FreeRTOS-Kernel/tasks.c.obj
                0x00000000100076d0                vTaskRemoveFromUnorderedEventList
 .text.xTaskCreate
                0x000000001000774c      0x2e4 CMakeFiles/blink.dir/home/tarek/Desktop/freertos-pico/FreeRTOS-Kernel/tasks.c.obj
                0x000000001000774c                xTaskCreate
 .text.vTaskExitCritical
                0x0000000010007a30       0x34 CMakeFiles/blink.dir/home/tarek/Desktop/freertos-pico/FreeRTOS-Kernel/tasks.c.obj
                0x0000000010007a30                vTaskExitCritical
 .text.uxTaskResetEventItemValue
                0x0000000010007a64       0x48 CMakeFiles/blink.dir/home/tarek/Desktop/freertos-pico/FreeRTOS-Kernel/tasks.c.obj
                0x0000000010007a64                uxTaskResetEventItemValue
 .text.prvSwitchTimerLists
                0x0000000010007aac       0x9c CMakeFiles/blink.dir/home/tarek/Desktop/freertos-pico/FreeRTOS-Kernel/timers.c.obj
 .text.prvTimerTask
                0x0000000010007b48      0x268 CMakeFiles/blink.dir/home/tarek/Desktop/freertos-pico/FreeRTOS-Kernel/timers.c.obj
 .text.xTimerCreateTimerTask
                0x0000000010007db0       0x8c CMakeFiles/blink.dir/home/tarek/Desktop/freertos-pico/FreeRTOS-Kernel/timers.c.obj
                0x0000000010007db0                xTimerCreateTimerTask
 .text.xTimerPendFunctionCallFromISR
                0x0000000010007e3c       0x28 CMakeFiles/blink.dir/home/tarek/Desktop/freertos-pico/FreeRTOS-Kernel/timers.c.obj
                0x0000000010007e3c                xTimerPendFunctionCallFromISR
 .text.exception_set_exclusive_handler
                0x0000000010007e64       0x48 CMakeFiles/blink.dir/home/tarek/pico-sdk/src/rp2_common/hardware_exception/exception.c.obj
                0x0000000010007e64                exception_set_exclusive_handler
 .text.core1_trampoline
                0x0000000010007eac        0x4 CMakeFiles/blink.dir/home/tarek/pico-sdk/src/rp2_common/pico_multicore/multicore.c.obj
 .text.core1_wrapper
                0x0000000010007eb0        0xc CMakeFiles/blink.dir/home/tarek/pico-sdk/src/rp2_common/pico_multicore/multicore.c.obj
                0x0000000010007eb0                core1_wrapper
 .text.multicore_launch_core1_raw
                0x0000000010007ebc       0x84 CMakeFiles/blink.dir/home/tarek/pico-sdk/src/rp2_common/pico_multicore/multicore.c.obj
                0x0000000010007ebc                multicore_launch_core1_raw
 .text.multicore_launch_core1
                0x0000000010007f40       0x4c CMakeFiles/blink.dir/home/tarek/pico-sdk/src/rp2_common/pico_multicore/multicore.c.obj
                0x0000000010007f40                multicore_launch_core1
 .text.pvPortMalloc
                0x0000000010007f8c      0x16c CMakeFiles/blink.dir/home/tarek/Desktop/freertos-pico/FreeRTOS-Kernel/portable/MemMang/heap_4.c.obj
                0x0000000010007f8c                pvPortMalloc
 .text.vPortFree
                0x00000000100080f8       0x90 CMakeFiles/blink.dir/home/tarek/Desktop/freertos-pico/FreeRTOS-Kernel/portable/MemMang/heap_4.c.obj
                0x00000000100080f8                vPortFree
 .text          0x0000000010008188       0x5c /usr/lib/gcc/arm-none-eabi/10.3.1/../../../arm-none-eabi/lib/thumb/v6-m/nofp/libc.a(lib_a-strlen-stub.o)
                0x0000000010008188                strlen
 *(.fini)
 .fini          0x00000000100081e4        0x4 /usr/lib/gcc/arm-none-eabi/10.3.1/thumb/v6-m/nofp/crti.o
                0x00000000100081e4                _fini
 .fini.__stub   0x00000000100081e8       0xd0 linker stubs
 *crtbegin.o(.ctors)
 *crtbegin?.o(.ctors)
 *(EXCLUDE_FILE(*crtend.o *crtend?.o) .ctors)
 *(SORT_BY_NAME(.ctors.*))
 *(.ctors)
 *crtbegin.o(.dtors)
 *crtbegin?.o(.dtors)
 *(EXCLUDE_FILE(*crtend.o *crtend?.o) .dtors)
 *(SORT_BY_NAME(.dtors.*))
 *(.dtors)
 *(.eh_frame*)
 .eh_frame      0x00000000100082b8        0x0 /usr/lib/gcc/arm-none-eabi/10.3.1/thumb/v6-m/nofp/crtbegin.o
                0x00000000100082b8                . = ALIGN (0x4)

.glue_7         0x00000000100082b8        0x0
 .glue_7        0x00000000100082b8        0x0 linker stubs

.glue_7t        0x00000000100082b8        0x0
 .glue_7t       0x00000000100082b8        0x0 linker stubs

.vfp11_veneer   0x00000000100082b8        0x0
 .vfp11_veneer  0x00000000100082b8        0x0 linker stubs

.v4_bx          0x00000000100082b8        0x0
 .v4_bx         0x00000000100082b8        0x0 linker stubs

.iplt           0x00000000100082b8        0x0
 .iplt          0x00000000100082b8        0x0 /usr/lib/gcc/arm-none-eabi/10.3.1/thumb/v6-m/nofp/crtbegin.o

.rodata         0x00000000100082b8      0x37c
 *(EXCLUDE_FILE(*libm.a: *libc.a:*lib_a-mem*.o *libgcc.a:) .rodata*)
 .rodata.main.str1.4
                0x00000000100082b8        0xb CMakeFiles/blink.dir/blink.c.obj
 *fill*         0x00000000100082c3        0x1 
 .rodata.spin_lock_claim.str1.4
                0x00000000100082c4       0x1f CMakeFiles/blink.dir/home/tarek/pico-sdk/src/rp2_common/hardware_sync/sync.c.obj
 *fill*         0x00000000100082e3        0x1 
 .rodata.spin_lock_claim_unused.str1.4
                0x00000000100082e4       0x1b CMakeFiles/blink.dir/home/tarek/pico-sdk/src/rp2_common/hardware_sync/sync.c.obj
 *fill*         0x00000000100082ff        0x1 
 .rodata.user_irq_claim_unused.str1.4
                0x0000000010008300       0x1b CMakeFiles/blink.dir/home/tarek/pico-sdk/src/rp2_common/hardware_irq/irq.c.obj
 *fill*         0x000000001000831b        0x1 
 .rodata.hardware_alarm_claim.str1.4
                0x000000001000831c       0x22 CMakeFiles/blink.dir/home/tarek/pico-sdk/src/rp2_common/hardware_timer/timer.c.obj
 *fill*         0x000000001000833e        0x2 
 .rodata.panic.str1.4
                0x0000000010008340       0x12 CMakeFiles/blink.dir/home/tarek/pico-sdk/src/rp2_common/pico_runtime/runtime.c.obj
 *fill*         0x0000000010008352        0x2 
 .rodata.panic_unsupported.str1.4
                0x0000000010008354        0xe CMakeFiles/blink.dir/home/tarek/pico-sdk/src/rp2_common/pico_runtime/runtime.c.obj
 *fill*         0x0000000010008362        0x2 
 .rodata.hard_assertion_failure.str1.4
                0x0000000010008364        0xc CMakeFiles/blink.dir/home/tarek/pico-sdk/src/rp2_common/pico_runtime/runtime.c.obj
 .rodata.str1.4
                0x0000000010008370       0x3c CMakeFiles/blink.dir/home/tarek/pico-sdk/src/rp2_common/pico_standard_link/binary_info.c.obj
 .rodata.__bi_44
                0x00000000100083ac        0xc CMakeFiles/blink.dir/home/tarek/pico-sdk/src/rp2_common/pico_standard_link/binary_info.c.obj
 .rodata.__bi_75
                0x00000000100083b8        0xc CMakeFiles/blink.dir/home/tarek/pico-sdk/src/rp2_common/pico_standard_link/binary_info.c.obj
 .rodata.__bi_81
                0x00000000100083c4        0xc CMakeFiles/blink.dir/home/tarek/pico-sdk/src/rp2_common/pico_standard_link/binary_info.c.obj
 .rodata.crlf_str.0
                0x00000000100083d0        0x2 CMakeFiles/blink.dir/home/tarek/pico-sdk/src/rp2_common/pico_stdio/stdio.c.obj
 *fill*         0x00000000100083d2        0x2 
 .rodata.str1.4
                0x00000000100083d4       0x2c CMakeFiles/blink.dir/home/tarek/pico-sdk/src/rp2_common/pico_stdio_uart/stdio_uart.c.obj
 .rodata.__bi_33.4
                0x0000000010008400        0xc CMakeFiles/blink.dir/home/tarek/pico-sdk/src/rp2_common/pico_stdio_uart/stdio_uart.c.obj
 .rodata.__bi_34.5
                0x000000001000840c        0x8 CMakeFiles/blink.dir/home/tarek/pico-sdk/src/rp2_common/pico_stdio_uart/stdio_uart.c.obj
 .rodata._resetd_driver
                0x0000000010008414       0x18 CMakeFiles/blink.dir/home/tarek/pico-sdk/src/rp2_common/pico_stdio_usb/reset_interface.c.obj
 .rodata.str1.4
                0x000000001000842c       0x13 CMakeFiles/blink.dir/home/tarek/pico-sdk/src/rp2_common/pico_stdio_usb/stdio_usb.c.obj
 *fill*         0x000000001000843f        0x1 
 .rodata.__bi_182.0
                0x0000000010008440        0xc CMakeFiles/blink.dir/home/tarek/pico-sdk/src/rp2_common/pico_stdio_usb/stdio_usb.c.obj
 .rodata.str1.4
                0x000000001000844c       0x2a CMakeFiles/blink.dir/home/tarek/pico-sdk/src/rp2_common/pico_stdio_usb/stdio_usb_descriptors.c.obj
 *fill*         0x0000000010008476        0x2 
 .rodata.usbd_desc_cfg
                0x0000000010008478       0x54 CMakeFiles/blink.dir/home/tarek/pico-sdk/src/rp2_common/pico_stdio_usb/stdio_usb_descriptors.c.obj
 .rodata.usbd_desc_device
                0x00000000100084cc       0x12 CMakeFiles/blink.dir/home/tarek/pico-sdk/src/rp2_common/pico_stdio_usb/stdio_usb_descriptors.c.obj
 *fill*         0x00000000100084de        0x2 
 .rodata.usbd_desc_str
                0x00000000100084e0       0x18 CMakeFiles/blink.dir/home/tarek/pico-sdk/src/rp2_common/pico_stdio_usb/stdio_usb_descriptors.c.obj
 .rodata.str1.4
                0x00000000100084f8       0x14 CMakeFiles/blink.dir/home/tarek/pico-sdk/lib/tinyusb/src/portable/raspberrypi/rp2040/dcd_rp2040.c.obj
 .rodata.str1.4
                0x000000001000850c       0x49 CMakeFiles/blink.dir/home/tarek/pico-sdk/lib/tinyusb/src/portable/raspberrypi/rp2040/rp2040_usb.c.obj
                                         0x53 (size before relaxing)
 *fill*         0x0000000010008555        0x3 
 .rodata.tud_task_ext
                0x0000000010008558       0x8c CMakeFiles/blink.dir/home/tarek/pico-sdk/lib/tinyusb/src/device/usbd.c.obj
 .rodata._usbd_driver
                0x00000000100085e4       0x18 CMakeFiles/blink.dir/home/tarek/pico-sdk/lib/tinyusb/src/device/usbd.c.obj
 .rodata.prvTimerTask
                0x00000000100085fc       0x28 CMakeFiles/blink.dir/home/tarek/Desktop/freertos-pico/FreeRTOS-Kernel/timers.c.obj
 .rodata.xTimerCreateTimerTask.str1.4
                0x0000000010008624       0x10 CMakeFiles/blink.dir/home/tarek/Desktop/freertos-pico/FreeRTOS-Kernel/timers.c.obj
                0x0000000010008634                . = ALIGN (0x4)
 *(SORT_BY_ALIGNMENT(SORT_BY_NAME(.flashdata*)))
                0x0000000010008634                . = ALIGN (0x4)

.ARM.extab
 *(.ARM.extab* .gnu.linkonce.armextab.*)
                0x0000000010008634                __exidx_start = .

.ARM.exidx
 *(.ARM.exidx* .gnu.linkonce.armexidx.*)
                0x0000000010008634                __exidx_end = .
                0x0000000010008634                . = ALIGN (0x4)
                0x0000000010008634                __binary_info_start = .

.binary_info    0x0000000010008634       0x28
 *(.binary_info.keep.*)
 .binary_info.keep.__bi_ptr22
                0x0000000010008634        0x4 CMakeFiles/blink.dir/home/tarek/pico-sdk/src/rp2_common/pico_standard_link/binary_info.c.obj
 .binary_info.keep.__bi_ptr30
                0x0000000010008638        0x4 CMakeFiles/blink.dir/home/tarek/pico-sdk/src/rp2_common/pico_standard_link/binary_info.c.obj
 .binary_info.keep.__bi_ptr38
                0x000000001000863c        0x4 CMakeFiles/blink.dir/home/tarek/pico-sdk/src/rp2_common/pico_standard_link/binary_info.c.obj
 .binary_info.keep.__bi_ptr44
                0x0000000010008640        0x4 CMakeFiles/blink.dir/home/tarek/pico-sdk/src/rp2_common/pico_standard_link/binary_info.c.obj
 .binary_info.keep.__bi_ptr50
                0x0000000010008644        0x4 CMakeFiles/blink.dir/home/tarek/pico-sdk/src/rp2_common/pico_standard_link/binary_info.c.obj
 .binary_info.keep.__bi_ptr75
                0x0000000010008648        0x4 CMakeFiles/blink.dir/home/tarek/pico-sdk/src/rp2_common/pico_standard_link/binary_info.c.obj
 .binary_info.keep.__bi_ptr81
                0x000000001000864c        0x4 CMakeFiles/blink.dir/home/tarek/pico-sdk/src/rp2_common/pico_standard_link/binary_info.c.obj
 *(.binary_info.*)
 .binary_info.__bi_ptr33
                0x0000000010008650        0x4 CMakeFiles/blink.dir/home/tarek/pico-sdk/src/rp2_common/pico_stdio_uart/stdio_uart.c.obj
 .binary_info.__bi_ptr34
                0x0000000010008654        0x4 CMakeFiles/blink.dir/home/tarek/pico-sdk/src/rp2_common/pico_stdio_uart/stdio_uart.c.obj
 .binary_info.__bi_ptr182
                0x0000000010008658        0x4 CMakeFiles/blink.dir/home/tarek/pico-sdk/src/rp2_common/pico_stdio_usb/stdio_usb.c.obj
                0x000000001000865c                __binary_info_end = .

.rel.dyn        0x000000001000865c        0x0
 .rel.iplt      0x000000001000865c        0x0 /usr/lib/gcc/arm-none-eabi/10.3.1/thumb/v6-m/nofp/crtbegin.o
                0x000000001000865c                . = ALIGN (0x4)

.ram_vector_table
                0x0000000020000000       0xc0
 *(.ram_vector_table)
 .ram_vector_table
                0x0000000020000000       0xc0 CMakeFiles/blink.dir/home/tarek/pico-sdk/src/rp2_common/pico_runtime/runtime.c.obj
                0x0000000020000000                ram_vector_table

.data           0x00000000200000c0      0xe78 load address 0x000000001000865c
                0x00000000200000c0                __data_start__ = .
 *(vtable)
 *(.time_critical*)
 .time_critical.mutex_try_enter
                0x00000000200000c0       0x44 CMakeFiles/blink.dir/home/tarek/pico-sdk/src/common/pico_sync/mutex.c.obj
                0x00000000200000c0                mutex_try_enter
 .time_critical.mutex_try_enter_block_until
                0x0000000020000104       0x9c CMakeFiles/blink.dir/home/tarek/pico-sdk/src/common/pico_sync/mutex.c.obj
                0x0000000020000104                mutex_try_enter_block_until
 .time_critical.mutex_enter_timeout_ms
                0x00000000200001a0       0x78 CMakeFiles/blink.dir/home/tarek/pico-sdk/src/common/pico_sync/mutex.c.obj
                0x00000000200001a0                mutex_enter_timeout_ms
 .time_critical.mutex_exit
                0x0000000020000218       0x20 CMakeFiles/blink.dir/home/tarek/pico-sdk/src/common/pico_sync/mutex.c.obj
                0x0000000020000218                mutex_exit
 .time_critical.flash_init_boot2_copyout
                0x0000000020000238       0x30 CMakeFiles/blink.dir/home/tarek/pico-sdk/src/rp2_common/hardware_flash/flash.c.obj
 .time_critical.flash_enable_xip_via_boot2
                0x0000000020000268       0x10 CMakeFiles/blink.dir/home/tarek/pico-sdk/src/rp2_common/hardware_flash/flash.c.obj
 .time_critical.flash_cs_force
                0x0000000020000278       0x38 CMakeFiles/blink.dir/home/tarek/pico-sdk/src/rp2_common/hardware_flash/flash.c.obj
 .time_critical.flash_do_cmd
                0x00000000200002b0       0xc4 CMakeFiles/blink.dir/home/tarek/pico-sdk/src/rp2_common/hardware_flash/flash.c.obj
                0x00000000200002b0                flash_do_cmd
 .time_critical.reset_non_control_endpoints
                0x0000000020000374       0xbc CMakeFiles/blink.dir/home/tarek/pico-sdk/lib/tinyusb/src/portable/raspberrypi/rp2040/dcd_rp2040.c.obj
 .time_critical.hw_handle_buff_status
                0x0000000020000430       0xa8 CMakeFiles/blink.dir/home/tarek/pico-sdk/lib/tinyusb/src/portable/raspberrypi/rp2040/dcd_rp2040.c.obj
 .time_critical.dcd_rp2040_irq
                0x00000000200004d8      0x4d8 CMakeFiles/blink.dir/home/tarek/pico-sdk/lib/tinyusb/src/portable/raspberrypi/rp2040/dcd_rp2040.c.obj
 .time_critical.e15_is_bulkin_ep
                0x00000000200009b0       0x28 CMakeFiles/blink.dir/home/tarek/pico-sdk/lib/tinyusb/src/portable/raspberrypi/rp2040/rp2040_usb.c.obj
 .time_critical.e15_is_critical_frame_period
                0x00000000200009d8       0x34 CMakeFiles/blink.dir/home/tarek/pico-sdk/lib/tinyusb/src/portable/raspberrypi/rp2040/rp2040_usb.c.obj
 .time_critical.prepare_ep_buffer
                0x0000000020000a0c       0x70 CMakeFiles/blink.dir/home/tarek/pico-sdk/lib/tinyusb/src/portable/raspberrypi/rp2040/rp2040_usb.c.obj
 .time_critical.sync_ep_buffer
                0x0000000020000a7c       0x4c CMakeFiles/blink.dir/home/tarek/pico-sdk/lib/tinyusb/src/portable/raspberrypi/rp2040/rp2040_usb.c.obj
 .time_critical._hw_endpoint_xfer_sync
                0x0000000020000ac8       0x28 CMakeFiles/blink.dir/home/tarek/pico-sdk/lib/tinyusb/src/portable/raspberrypi/rp2040/rp2040_usb.c.obj
 .time_critical.hw_endpoint_reset_transfer
                0x0000000020000af0        0xc CMakeFiles/blink.dir/home/tarek/pico-sdk/lib/tinyusb/src/portable/raspberrypi/rp2040/rp2040_usb.c.obj
                0x0000000020000af0                hw_endpoint_reset_transfer
 .time_critical._hw_endpoint_buffer_control_update32
                0x0000000020000afc       0x58 CMakeFiles/blink.dir/home/tarek/pico-sdk/lib/tinyusb/src/portable/raspberrypi/rp2040/rp2040_usb.c.obj
                0x0000000020000afc                _hw_endpoint_buffer_control_update32
 .time_critical.hw_endpoint_start_next_buffer
                0x0000000020000b54       0x6c CMakeFiles/blink.dir/home/tarek/pico-sdk/lib/tinyusb/src/portable/raspberrypi/rp2040/rp2040_usb.c.obj
                0x0000000020000b54                hw_endpoint_start_next_buffer
 .time_critical.hw_endpoint_xfer_continue
                0x0000000020000bc0       0x50 CMakeFiles/blink.dir/home/tarek/pico-sdk/lib/tinyusb/src/portable/raspberrypi/rp2040/rp2040_usb.c.obj
                0x0000000020000bc0                hw_endpoint_xfer_continue
 .time_critical.tinyusb
                0x0000000020000c10      0x170 CMakeFiles/blink.dir/home/tarek/pico-sdk/lib/tinyusb/src/device/usbd.c.obj
                0x0000000020000c10                dcd_event_handler
 *(.text*)
 .text          0x0000000020000d80        0x4 /usr/lib/gcc/arm-none-eabi/10.3.1/thumb/v6-m/nofp/libgcc.a(_dvmd_tls.o)
                0x0000000020000d80                __aeabi_ldiv0
                0x0000000020000d80                __aeabi_idiv0
 *fill*         0x0000000020000d84        0x4 
 .text.__stub   0x0000000020000d88       0x90 linker stubs
                0x0000000020000e18                . = ALIGN (0x4)
 *(.rodata*)
                0x0000000020000e18                . = ALIGN (0x4)
 *(.data*)
 .data.striped_spin_lock_num
                0x0000000020000e18        0x1 CMakeFiles/blink.dir/home/tarek/pico-sdk/src/rp2_common/hardware_sync/sync.c.obj
 *fill*         0x0000000020000e19        0x3 
 .data          0x0000000020000e1c       0x48 CMakeFiles/blink.dir/home/tarek/pico-sdk/src/rp2_common/hardware_irq/irq_handler_chain.S.obj
                0x0000000020000e1c                irq_handler_chain_slots
                0x0000000020000e4c                irq_handler_chain_first_slot
                0x0000000020000e56                irq_handler_chain_remove_tail
 .data.default_alarm_pool
                0x0000000020000e64       0x18 CMakeFiles/blink.dir/home/tarek/pico-sdk/src/common/pico_time/time.c.obj
 .data.default_alarm_pool_heap
                0x0000000020000e7c       0x10 CMakeFiles/blink.dir/home/tarek/pico-sdk/src/common/pico_time/time.c.obj
 *fill*         0x0000000020000e8c        0x4 
 .data.aeabi_bits_funcs
                0x0000000020000e90       0x10 CMakeFiles/blink.dir/home/tarek/pico-sdk/src/rp2_common/pico_bit_ops/bit_ops_aeabi.S.obj
                0x0000000020000e90                aeabi_bits_funcs
                0x0000000020000ea0                aeabi_bits_funcs_end
 .data.aeabi_mem_funcs
                0x0000000020000ea0       0x10 CMakeFiles/blink.dir/home/tarek/pico-sdk/src/rp2_common/pico_mem_ops/mem_ops_aeabi.S.obj
                0x0000000020000ea0                aeabi_mem_funcs
                0x0000000020000eb0                aeabi_mem_funcs_end
 .data.stdio_uart
                0x0000000020000eb0       0x18 CMakeFiles/blink.dir/home/tarek/pico-sdk/src/rp2_common/pico_stdio_uart/stdio_uart.c.obj
                0x0000000020000eb0                stdio_uart
 .data.stdio_usb
                0x0000000020000ec8       0x18 CMakeFiles/blink.dir/home/tarek/pico-sdk/src/rp2_common/pico_stdio_usb/stdio_usb.c.obj
                0x0000000020000ec8                stdio_usb
 .data.ep_dir_string
                0x0000000020000ee0        0x8 CMakeFiles/blink.dir/home/tarek/pico-sdk/lib/tinyusb/src/portable/raspberrypi/rp2040/rp2040_usb.c.obj
                0x0000000020000ee0                ep_dir_string
 .data._usbd_qdef
                0x0000000020000ee8       0x1c CMakeFiles/blink.dir/home/tarek/pico-sdk/lib/tinyusb/src/device/usbd.c.obj
                0x0000000020000ee8                _usbd_qdef
 .data._usbd_rhport
                0x0000000020000f04        0x1 CMakeFiles/blink.dir/home/tarek/pico-sdk/lib/tinyusb/src/device/usbd.c.obj
 .data.ucPrimaryCoreNum
                0x0000000020000f05        0x1 CMakeFiles/blink.dir/home/tarek/Desktop/freertos-pico/FreeRTOS-Kernel/portable/ThirdParty/GCC/RP2040/port.c.obj
 *fill*         0x0000000020000f06        0x2 
 .data.uxTopUsedPriority
                0x0000000020000f08        0x4 CMakeFiles/blink.dir/home/tarek/Desktop/freertos-pico/FreeRTOS-Kernel/tasks.c.obj
                0x0000000020000f08                uxTopUsedPriority
                0x0000000020000f0c                . = ALIGN (0x4)
 *(.after_data.*)
                0x0000000020000f0c                . = ALIGN (0x4)
                0x0000000020000f0c                PROVIDE (__mutex_array_start = .)
 *(SORT_BY_NAME(.mutex_array.*))
 *(.mutex_array)
 .mutex_array   0x0000000020000f0c        0x8 CMakeFiles/blink.dir/home/tarek/pico-sdk/src/rp2_common/pico_malloc/pico_malloc.c.obj
 .mutex_array   0x0000000020000f14        0x8 CMakeFiles/blink.dir/home/tarek/pico-sdk/src/rp2_common/pico_stdio/stdio.c.obj
                0x0000000020000f1c                PROVIDE (__mutex_array_end = .)
                0x0000000020000f1c                . = ALIGN (0x4)
                0x0000000020000f1c                PROVIDE (__preinit_array_start = .)
 *(SORT_BY_NAME(.preinit_array.*))
 .preinit_array.00001
                0x0000000020000f1c        0x4 CMakeFiles/blink.dir/home/tarek/pico-sdk/src/rp2_common/pico_mem_ops/mem_ops_aeabi.S.obj
 .preinit_array.00010
                0x0000000020000f20        0x4 CMakeFiles/blink.dir/home/tarek/pico-sdk/src/rp2_common/pico_bit_ops/bit_ops_aeabi.S.obj
 .preinit_array.00020
                0x0000000020000f24        0x4 CMakeFiles/blink.dir/home/tarek/pico-sdk/src/rp2_common/pico_double/double_aeabi.S.obj
 .preinit_array.00020
                0x0000000020000f28        0x4 CMakeFiles/blink.dir/home/tarek/pico-sdk/src/rp2_common/pico_float/float_aeabi.S.obj
 *(.preinit_array)
                0x0000000020000f2c                PROVIDE (__preinit_array_end = .)
                0x0000000020000f2c                . = ALIGN (0x4)
                0x0000000020000f2c                PROVIDE (__init_array_start = .)
 *(SORT_BY_NAME(.init_array.*))
 *(.init_array)
 .init_array    0x0000000020000f2c        0x4 /usr/lib/gcc/arm-none-eabi/10.3.1/thumb/v6-m/nofp/crtbegin.o
 .init_array    0x0000000020000f30        0x4 CMakeFiles/blink.dir/home/tarek/pico-sdk/src/rp2_common/pico_unique_id/unique_id.c.obj
 .init_array    0x0000000020000f34        0x4 CMakeFiles/blink.dir/home/tarek/Desktop/freertos-pico/FreeRTOS-Kernel/portable/ThirdParty/GCC/RP2040/port.c.obj
                0x0000000020000f38                PROVIDE (__init_array_end = .)
                0x0000000020000f38                . = ALIGN (0x4)
                0x0000000020000f38                PROVIDE (__fini_array_start = .)
 *(SORT_BY_NAME(.fini_array.*))
 *(.fini_array)
                0x0000000020000f38                PROVIDE (__fini_array_end = .)
 *(.jcr)
                0x0000000020000f38                . = ALIGN (0x4)
                0x0000000020000f38                __data_end__ = .
                0x000000001000865c                __etext = LOADADDR (.data)

.tm_clone_table
                0x0000000020000f38        0x0 load address 0x00000000100094d4
 .tm_clone_table
                0x0000000020000f38        0x0 /usr/lib/gcc/arm-none-eabi/10.3.1/thumb/v6-m/nofp/crtbegin.o
 .tm_clone_table
                0x0000000020000f38        0x0 /usr/lib/gcc/arm-none-eabi/10.3.1/thumb/v6-m/nofp/crtend.o

.igot.plt       0x0000000020000f38        0x0 load address 0x00000000100094d4
 .igot.plt      0x0000000020000f38        0x0 /usr/lib/gcc/arm-none-eabi/10.3.1/thumb/v6-m/nofp/crtbegin.o

.uninitialized_data
                0x0000000020000f38        0x0 load address 0x00000000100094d4
                0x0000000020000f38                . = ALIGN (0x4)
 *(.uninitialized_data*)

.scratch_x      0x0000000020040000        0x0 load address 0x00000000100094d4
                0x0000000020040000                __scratch_x_start__ = .
 *(.scratch_x.*)
                0x0000000020040000                . = ALIGN (0x4)
                0x0000000020040000                __scratch_x_end__ = .
                0x00000000100094d4                __scratch_x_source__ = LOADADDR (.scratch_x)

.scratch_y      0x0000000020041000        0x0 load address 0x00000000100094d4
                0x0000000020041000                __scratch_y_start__ = .
 *(.scratch_y.*)
                0x0000000020041000                . = ALIGN (0x4)
                0x0000000020041000                __scratch_y_end__ = .
                0x00000000100094d4                __scratch_y_source__ = LOADADDR (.scratch_y)

.bss            0x0000000020000f38    0x21180
                0x0000000020000f38                . = ALIGN (0x4)
                0x0000000020000f38                __bss_start__ = .
 *(SORT_BY_ALIGNMENT(SORT_BY_NAME(.bss*)))
 .bss.default_alarm_pool_entries
                0x0000000020000f38      0x100 CMakeFiles/blink.dir/home/tarek/pico-sdk/src/common/pico_time/time.c.obj
 .bss.last_avail_time.1
                0x0000000020001038        0x8 CMakeFiles/blink.dir/home/tarek/pico-sdk/src/rp2_common/pico_stdio_usb/stdio_usb.c.obj
 .bss.sd_table  0x0000000020001040      0x100 CMakeFiles/blink.dir/home/tarek/pico-sdk/src/rp2_common/pico_double/double_init_rom.c.obj
                0x0000000020001040                sd_table
 .bss.sf_table  0x0000000020001140      0x100 CMakeFiles/blink.dir/home/tarek/pico-sdk/src/rp2_common/pico_float/float_init_rom.c.obj
                0x0000000020001140                sf_table
 .bss.xQueueRegistry
                0x0000000020001240       0x40 CMakeFiles/blink.dir/home/tarek/Desktop/freertos-pico/FreeRTOS-Kernel/queue.c.obj
                0x0000000020001240                xQueueRegistry
 .bss           0x0000000020001280       0x1c /usr/lib/gcc/arm-none-eabi/10.3.1/thumb/v6-m/nofp/crtbegin.o
 .bss._app_driver
                0x000000002000129c        0x4 CMakeFiles/blink.dir/home/tarek/pico-sdk/lib/tinyusb/src/device/usbd.c.obj
 .bss._cdcd_itf
                0x00000000200012a0      0x2c8 CMakeFiles/blink.dir/home/tarek/pico-sdk/lib/tinyusb/src/class/cdc/cdc_device.c.obj
 .bss._ctrl_xfer
                0x0000000020001568       0x14 CMakeFiles/blink.dir/home/tarek/pico-sdk/lib/tinyusb/src/device/usbd_control.c.obj
 .bss._ubsd_mutexdef
                0x000000002000157c        0x8 CMakeFiles/blink.dir/home/tarek/pico-sdk/lib/tinyusb/src/device/usbd.c.obj
 .bss._usbd_ctrl_buf
                0x0000000020001584       0x40 CMakeFiles/blink.dir/home/tarek/pico-sdk/lib/tinyusb/src/device/usbd_control.c.obj
 .bss._usbd_dev
                0x00000000200015c4       0x53 CMakeFiles/blink.dir/home/tarek/pico-sdk/lib/tinyusb/src/device/usbd.c.obj
 *fill*         0x0000000020001617        0x1 
 .bss._usbd_mutex
                0x0000000020001618        0x4 CMakeFiles/blink.dir/home/tarek/pico-sdk/lib/tinyusb/src/device/usbd.c.obj
 .bss._usbd_q   0x000000002000161c        0x4 CMakeFiles/blink.dir/home/tarek/pico-sdk/lib/tinyusb/src/device/usbd.c.obj
 .bss._usbd_qdef_buf
                0x0000000020001620       0xc0 CMakeFiles/blink.dir/home/tarek/pico-sdk/lib/tinyusb/src/device/usbd.c.obj
                0x0000000020001620                _usbd_qdef_buf
 .bss.alarm_callbacks
                0x00000000200016e0       0x10 CMakeFiles/blink.dir/home/tarek/pico-sdk/src/rp2_common/hardware_timer/timer.c.obj
 .bss.boot2_copyout
                0x00000000200016f0      0x100 CMakeFiles/blink.dir/home/tarek/pico-sdk/src/rp2_common/hardware_flash/flash.c.obj
 .bss.chars_available_callback
                0x00000000200017f0        0x4 CMakeFiles/blink.dir/home/tarek/pico-sdk/src/rp2_common/pico_stdio_uart/stdio_uart.c.obj
 .bss.chars_available_callback
                0x00000000200017f4        0x4 CMakeFiles/blink.dir/home/tarek/pico-sdk/src/rp2_common/pico_stdio_usb/stdio_usb.c.obj
 .bss.chars_available_param
                0x00000000200017f8        0x4 CMakeFiles/blink.dir/home/tarek/pico-sdk/src/rp2_common/pico_stdio_uart/stdio_uart.c.obj
 .bss.chars_available_param
                0x00000000200017fc        0x4 CMakeFiles/blink.dir/home/tarek/pico-sdk/src/rp2_common/pico_stdio_usb/stdio_usb.c.obj
 .bss.claimed   0x0000000020001800        0x4 CMakeFiles/blink.dir/home/tarek/pico-sdk/src/rp2_common/hardware_sync/sync.c.obj
 .bss.configured_freq
                0x0000000020001804       0x28 CMakeFiles/blink.dir/home/tarek/pico-sdk/src/rp2_common/hardware_clocks/clocks.c.obj
 .bss.default_alarm_pool_entry_ids_high
                0x000000002000182c       0x10 CMakeFiles/blink.dir/home/tarek/pico-sdk/src/common/pico_time/time.c.obj
 .bss.default_alarm_pool_heap_nodes
                0x000000002000183c       0x30 CMakeFiles/blink.dir/home/tarek/pico-sdk/src/common/pico_time/time.c.obj
 .bss.desc_str.0
                0x000000002000186c       0x28 CMakeFiles/blink.dir/home/tarek/pico-sdk/src/rp2_common/pico_stdio_usb/stdio_usb_descriptors.c.obj
 .bss.drivers   0x0000000020001894        0x4 CMakeFiles/blink.dir/home/tarek/pico-sdk/src/rp2_common/pico_stdio/stdio.c.obj
 .bss.e15_last_sof
                0x0000000020001898        0x4 CMakeFiles/blink.dir/home/tarek/pico-sdk/lib/tinyusb/src/portable/raspberrypi/rp2040/rp2040_usb.c.obj
                0x0000000020001898                e15_last_sof
 .bss.filter    0x000000002000189c        0x4 CMakeFiles/blink.dir/home/tarek/pico-sdk/src/rp2_common/pico_stdio/stdio.c.obj
 .bss.hw_endpoints
                0x00000000200018a0      0x400 CMakeFiles/blink.dir/home/tarek/pico-sdk/lib/tinyusb/src/portable/raspberrypi/rp2040/dcd_rp2040.c.obj
 .bss.lazy_vsnprintf
                0x0000000020001ca0        0x4 CMakeFiles/blink.dir/home/tarek/pico-sdk/src/rp2_common/pico_printf/printf.c.obj
 .bss.load_value
                0x0000000020001ca4        0x4 CMakeFiles/blink.dir/home/tarek/pico-sdk/src/rp2_common/hardware_watchdog/watchdog.c.obj
 .bss.next_buffer_ptr
                0x0000000020001ca8        0x4 CMakeFiles/blink.dir/home/tarek/pico-sdk/lib/tinyusb/src/portable/raspberrypi/rp2040/dcd_rp2040.c.obj
 .bss.one_shot_timer_crit_sec
                0x0000000020001cac        0x8 CMakeFiles/blink.dir/home/tarek/pico-sdk/src/rp2_common/pico_stdio_usb/stdio_usb.c.obj
 .bss.pools     0x0000000020001cb4       0x10 CMakeFiles/blink.dir/home/tarek/pico-sdk/src/common/pico_time/time.c.obj
 .bss.pxCurrentTCBs
                0x0000000020001cc4        0x8 CMakeFiles/blink.dir/home/tarek/Desktop/freertos-pico/FreeRTOS-Kernel/tasks.c.obj
                0x0000000020001cc4                pxCurrentTCBs
 .bss.pxCurrentTimerList
                0x0000000020001ccc        0x4 CMakeFiles/blink.dir/home/tarek/Desktop/freertos-pico/FreeRTOS-Kernel/timers.c.obj
 .bss.pxDelayedTaskList
                0x0000000020001cd0        0x4 CMakeFiles/blink.dir/home/tarek/Desktop/freertos-pico/FreeRTOS-Kernel/tasks.c.obj
 .bss.pxEnd     0x0000000020001cd4        0x4 CMakeFiles/blink.dir/home/tarek/Desktop/freertos-pico/FreeRTOS-Kernel/portable/MemMang/heap_4.c.obj
 .bss.pxOverflowDelayedTaskList
                0x0000000020001cd8        0x4 CMakeFiles/blink.dir/home/tarek/Desktop/freertos-pico/FreeRTOS-Kernel/tasks.c.obj
 .bss.pxOverflowTimerList
                0x0000000020001cdc        0x4 CMakeFiles/blink.dir/home/tarek/Desktop/freertos-pico/FreeRTOS-Kernel/timers.c.obj
 .bss.pxReadyTasksLists
                0x0000000020001ce0      0x280 CMakeFiles/blink.dir/home/tarek/Desktop/freertos-pico/FreeRTOS-Kernel/tasks.c.obj
 .bss.pxYieldSpinLock
                0x0000000020001f60        0x8 CMakeFiles/blink.dir/home/tarek/Desktop/freertos-pico/FreeRTOS-Kernel/portable/ThirdParty/GCC/RP2040/port.c.obj
 .bss.retrieved_id
                0x0000000020001f68        0x8 CMakeFiles/blink.dir/home/tarek/pico-sdk/src/rp2_common/pico_unique_id/unique_id.c.obj
 .bss.sf_clz_func
                0x0000000020001f70        0x4 CMakeFiles/blink.dir/home/tarek/pico-sdk/src/rp2_common/pico_double/double_init_rom.c.obj
                0x0000000020001f70                sf_clz_func
 .bss.sleep_notifier
                0x0000000020001f74        0x4 CMakeFiles/blink.dir/home/tarek/pico-sdk/src/common/pico_time/time.c.obj
 .bss.stdio_usb_mutex
                0x0000000020001f78        0x8 CMakeFiles/blink.dir/home/tarek/pico-sdk/src/rp2_common/pico_stdio_usb/stdio_usb.c.obj
 .bss.target_hi
                0x0000000020001f80       0x10 CMakeFiles/blink.dir/home/tarek/pico-sdk/src/rp2_common/hardware_timer/timer.c.obj
 .bss.uart_char_to_line_feed
                0x0000000020001f90        0x4 CMakeFiles/blink.dir/home/tarek/pico-sdk/src/rp2_common/hardware_uart/uart.c.obj
                0x0000000020001f90                uart_char_to_line_feed
 .bss.uart_instance
                0x0000000020001f94        0x4 CMakeFiles/blink.dir/home/tarek/pico-sdk/src/rp2_common/pico_stdio_uart/stdio_uart.c.obj
 .bss.ucHeap    0x0000000020001f98    0x20000 CMakeFiles/blink.dir/home/tarek/Desktop/freertos-pico/FreeRTOS-Kernel/portable/MemMang/heap_4.c.obj
 .bss.ucOwnedByCore.1
                0x0000000020021f98        0x2 CMakeFiles/blink.dir/home/tarek/Desktop/freertos-pico/FreeRTOS-Kernel/tasks.c.obj
 *fill*         0x0000000020021f9a        0x2 
 .bss.ucRecursionCountByLock.0
                0x0000000020021f9c        0x2 CMakeFiles/blink.dir/home/tarek/Desktop/freertos-pico/FreeRTOS-Kernel/tasks.c.obj
 *fill*         0x0000000020021f9e        0x2 
 .bss.ulYieldSpinLockSaveValue
                0x0000000020021fa0        0x8 CMakeFiles/blink.dir/home/tarek/Desktop/freertos-pico/FreeRTOS-Kernel/portable/ThirdParty/GCC/RP2040/port.c.obj
 .bss.usbd_serial_str
                0x0000000020021fa8       0x11 CMakeFiles/blink.dir/home/tarek/pico-sdk/src/rp2_common/pico_stdio_usb/stdio_usb_descriptors.c.obj
 *fill*         0x0000000020021fb9        0x3 
 .bss.uxCurrentNumberOfTasks
                0x0000000020021fbc        0x4 CMakeFiles/blink.dir/home/tarek/Desktop/freertos-pico/FreeRTOS-Kernel/tasks.c.obj
 .bss.uxDeletedTasksWaitingCleanUp
                0x0000000020021fc0        0x4 CMakeFiles/blink.dir/home/tarek/Desktop/freertos-pico/FreeRTOS-Kernel/tasks.c.obj
 .bss.uxSchedulerSuspended
                0x0000000020021fc4        0x4 CMakeFiles/blink.dir/home/tarek/Desktop/freertos-pico/FreeRTOS-Kernel/tasks.c.obj
 .bss.uxTaskNumber
                0x0000000020021fc8        0x4 CMakeFiles/blink.dir/home/tarek/Desktop/freertos-pico/FreeRTOS-Kernel/tasks.c.obj
 .bss.uxTopReadyPriority
                0x0000000020021fcc        0x4 CMakeFiles/blink.dir/home/tarek/Desktop/freertos-pico/FreeRTOS-Kernel/tasks.c.obj
 .bss.xActiveTimerList1
                0x0000000020021fd0       0x14 CMakeFiles/blink.dir/home/tarek/Desktop/freertos-pico/FreeRTOS-Kernel/timers.c.obj
 .bss.xActiveTimerList2
                0x0000000020021fe4       0x14 CMakeFiles/blink.dir/home/tarek/Desktop/freertos-pico/FreeRTOS-Kernel/timers.c.obj
 .bss.xBlockAllocatedBit
                0x0000000020021ff8        0x4 CMakeFiles/blink.dir/home/tarek/Desktop/freertos-pico/FreeRTOS-Kernel/portable/MemMang/heap_4.c.obj
 .bss.xDelayedTaskList1
                0x0000000020021ffc       0x14 CMakeFiles/blink.dir/home/tarek/Desktop/freertos-pico/FreeRTOS-Kernel/tasks.c.obj
 .bss.xDelayedTaskList2
                0x0000000020022010       0x14 CMakeFiles/blink.dir/home/tarek/Desktop/freertos-pico/FreeRTOS-Kernel/tasks.c.obj
 .bss.xEventGroup
                0x0000000020022024        0x4 CMakeFiles/blink.dir/home/tarek/Desktop/freertos-pico/FreeRTOS-Kernel/portable/ThirdParty/GCC/RP2040/port.c.obj
 .bss.xFreeBytesRemaining
                0x0000000020022028        0x4 CMakeFiles/blink.dir/home/tarek/Desktop/freertos-pico/FreeRTOS-Kernel/portable/MemMang/heap_4.c.obj
 .bss.xIdleTaskHandle
                0x000000002002202c        0x8 CMakeFiles/blink.dir/home/tarek/Desktop/freertos-pico/FreeRTOS-Kernel/tasks.c.obj
 .bss.xLastTime.0
                0x0000000020022034        0x4 CMakeFiles/blink.dir/home/tarek/Desktop/freertos-pico/FreeRTOS-Kernel/timers.c.obj
 .bss.xMinimumEverFreeBytesRemaining
                0x0000000020022038        0x4 CMakeFiles/blink.dir/home/tarek/Desktop/freertos-pico/FreeRTOS-Kernel/portable/MemMang/heap_4.c.obj
 .bss.xNextTaskUnblockTime
                0x000000002002203c        0x4 CMakeFiles/blink.dir/home/tarek/Desktop/freertos-pico/FreeRTOS-Kernel/tasks.c.obj
 .bss.xNumOfOverflows
                0x0000000020022040        0x4 CMakeFiles/blink.dir/home/tarek/Desktop/freertos-pico/FreeRTOS-Kernel/tasks.c.obj
 .bss.xNumberOfSuccessfulAllocations
                0x0000000020022044        0x4 CMakeFiles/blink.dir/home/tarek/Desktop/freertos-pico/FreeRTOS-Kernel/portable/MemMang/heap_4.c.obj
 .bss.xNumberOfSuccessfulFrees
                0x0000000020022048        0x4 CMakeFiles/blink.dir/home/tarek/Desktop/freertos-pico/FreeRTOS-Kernel/portable/MemMang/heap_4.c.obj
 .bss.xPendedTicks
                0x000000002002204c        0x4 CMakeFiles/blink.dir/home/tarek/Desktop/freertos-pico/FreeRTOS-Kernel/tasks.c.obj
 .bss.xPendingReadyList
                0x0000000020022050       0x14 CMakeFiles/blink.dir/home/tarek/Desktop/freertos-pico/FreeRTOS-Kernel/tasks.c.obj
 .bss.xSchedulerRunning
                0x0000000020022064        0x4 CMakeFiles/blink.dir/home/tarek/Desktop/freertos-pico/FreeRTOS-Kernel/tasks.c.obj
 .bss.xStart    0x0000000020022068        0x8 CMakeFiles/blink.dir/home/tarek/Desktop/freertos-pico/FreeRTOS-Kernel/portable/MemMang/heap_4.c.obj
 .bss.xSuspendedTaskList
                0x0000000020022070       0x14 CMakeFiles/blink.dir/home/tarek/Desktop/freertos-pico/FreeRTOS-Kernel/tasks.c.obj
 .bss.xTasksWaitingTermination
                0x0000000020022084       0x14 CMakeFiles/blink.dir/home/tarek/Desktop/freertos-pico/FreeRTOS-Kernel/tasks.c.obj
 .bss.xTickCount
                0x0000000020022098        0x4 CMakeFiles/blink.dir/home/tarek/Desktop/freertos-pico/FreeRTOS-Kernel/tasks.c.obj
 .bss.xTimerQueue
                0x000000002002209c        0x4 CMakeFiles/blink.dir/home/tarek/Desktop/freertos-pico/FreeRTOS-Kernel/timers.c.obj
 .bss.xTimerTaskHandle
                0x00000000200220a0        0x4 CMakeFiles/blink.dir/home/tarek/Desktop/freertos-pico/FreeRTOS-Kernel/timers.c.obj
 .bss.xYieldPendings